Archive member included because of file (symbol)

../bwlib\libMasfImage.a(masfImage.o)
                              ./Debug/main.c.o (masf_image_credit_check)
../bwlib\libMasfImage.a(masfprint.o)
                              ./Debug/printer_printer.c.o (print_density_set)
../bwlib\libMasfImage.a(aes.o)
                              ../bwlib\libMasfImage.a(masfImage.o) (AES_init_ctx_iv)
../bwlib\libOpenPrinter_S5.a(openPrinter.o)
                              ./Debug/printer_printer.c.o (open_printer_tm)
../bwlib\libOpenImage_S5.a(openImage.o)
                              ../bwlib\libOpenPrinter_S5.a(openPrinter.o) (open_image_contrast_auto_matrix)
../bwlib\libbtcom.a(btcom_buf.o)
                              ./Debug/printer_printer.c.o (Get_btdataBufManage)
../bwlib\libbtcom.a(btcom.o)  ./Debug/taskApp.c.o (btcomInit)
../bwlib\libbtcom.a(btcom_stream.o)
                              ./Debug/btcom_btcom_user.c.o (switch_data)
../bwlib\libbtcom.a(btcom_parser.o)
                              ../bwlib\libbtcom.a(btcom.o) (btcomParserInit)
../bwlib\libalgorithm.a(imageL_encode.o)
                              ./Debug/src_hal_mjpeg.c.o (hal_mjpeg_rev_buf_set)
../bwlib\libalgorithm.a(frame.o)
                              ./Debug/video_video_record.c.o (que_jrd)
../bwlib\libwatermark.a(image_watermark.o)
                              ./Debug/taskPhotoEncode.c.o (watermark_bmp2yuv_init)
../bwlib\libinterface.a(userInterface.o)
                              ./Debug/taskPhotoEncodeMsg.c.o (animationInit)
../bwlib\libmp3.a(mp3_decode_api.o)
                              ./Debug/taskAudioPlayer.c.o (mp3_dac_memInit)
../bwlib\libmp3.a(decoder.o)  ../bwlib\libmp3.a(mp3_decode_api.o) (mad_decoder_init)
../bwlib\libmp3.a(stream.o)   ../bwlib\libmp3.a(decoder.o) (mad_stream_init)
../bwlib\libmp3.a(synth.o)    ../bwlib\libmp3.a(decoder.o) (mad_synth_init)
../bwlib\libmp3.a(bit.o)      ../bwlib\libmp3.a(stream.o) (mad_bit_init)
../bwlib\libmp3.a(frame.o)    ../bwlib\libmp3.a(decoder.o) (mad_frame_finish)
../bwlib\libmp3.a(layer12.o)  ../bwlib\libmp3.a(frame.o) (mad_layer_I)
../bwlib\libmp3.a(timer.o)    ../bwlib\libmp3.a(frame.o) (mad_timer_set)
../bwlib\libmp3.a(layer3.o)   ../bwlib\libmp3.a(frame.o) (mad_layer_III)
../bwlib\libmp3.a(huffman.o)  ../bwlib\libmp3.a(layer3.o) (mad_huff_pair_table)
../bwlib\libsd.a(ax32xx_sd.o)
                              ./Debug/src_hal_sd.c.o (ax32xx_sd0Init)
../bwlib\libavi.a(aviEncoder.o)
                              ./Debug/video_video_record.c.o (aviEncodeInit)
../bwlib\libavi.a(encoder_std.o)
                              ../bwlib\libavi.a(aviEncoder.o) (avi_encoder_std)
../bwlib\libavi.a(encoder_odml.o)
                              ../bwlib\libavi.a(aviEncoder.o) (avi_odmlAddoffset)
../bwlib\libavi.a(aviDecoder.o)
                              ./Debug/video_video_playback.c.o (aviDecodeInit)
../bwlib\libavi.a(decoder_std.o)
                              ../bwlib\libavi.a(aviDecoder.o) (avi_standard)
../bwlib\libavi.a(decoder_odml.o)
                              ../bwlib\libavi.a(aviDecoder.o) (avi_opendml)
../bwlib\libfs.a(fs.o)        ./Debug/taskSysScanDevice.c.o (fs_nodeinit)
../bwlib\libfs.a(diskio.o)    ./Debug/main.c.o (fs_init)
../bwlib\libfs.a(ff.o)        ../bwlib\libfs.a(fs.o) (clst2sect)
../bwlib\libfs.a(ffunicode.o)
                              ../bwlib\libfs.a(ff.o) (ff_uni2oem)
C:/MinGW-4.7.1/or1k-elf/lib/no-delay\libc.a(lib_a-atoi.o)
                              ./Debug/config.c.o (atoi)
C:/MinGW-4.7.1/or1k-elf/lib/no-delay\libc.a(lib_a-memcmp.o)
                              ./Debug/src_minilzo.c.o (memcmp)
C:/MinGW-4.7.1/or1k-elf/lib/no-delay\libc.a(lib_a-memcpy.o)
                              ./Debug/resource_manager.c.o (memcpy)
C:/MinGW-4.7.1/or1k-elf/lib/no-delay\libc.a(lib_a-memmove.o)
                              ./Debug/game_tetris.c.o (memmove)
C:/MinGW-4.7.1/or1k-elf/lib/no-delay\libc.a(lib_a-memset.o)
                              ./Debug/main.c.o (memset)
C:/MinGW-4.7.1/or1k-elf/lib/no-delay\libc.a(lib_a-rand.o)
                              ./Debug/taskAudioPlayerMsg.c.o (rand)
C:/MinGW-4.7.1/or1k-elf/lib/no-delay\libc.a(lib_a-strcasecmp.o)
                              ./Debug/resource_manager.c.o (strcasecmp)
C:/MinGW-4.7.1/or1k-elf/lib/no-delay\libc.a(lib_a-strcat.o)
                              ./Debug/resource_manager.c.o (strcat)
C:/MinGW-4.7.1/or1k-elf/lib/no-delay\libc.a(lib_a-strchr.o)
                              ../bwlib\libfs.a(ff.o) (strchr)
C:/MinGW-4.7.1/or1k-elf/lib/no-delay\libc.a(lib_a-strcmp.o)
                              ./Debug/resource_manager.c.o (strcmp)
C:/MinGW-4.7.1/or1k-elf/lib/no-delay\libc.a(lib_a-strcpy.o)
                              ./Debug/resource_manager.c.o (strcpy)
C:/MinGW-4.7.1/or1k-elf/lib/no-delay\libc.a(lib_a-strlen.o)
                              ./Debug/resource_manager.c.o (strlen)
C:/MinGW-4.7.1/or1k-elf/lib/no-delay\libc.a(lib_a-strncmp.o)
[...]
Memory Configuration

Name             Origin             Length             Attributes
boot             0x01fffc00         0x00000200
ram_boot         0x00000000         0x00005000
ram_user         0x00000000         0x00005000
usbfifo          0x00008000         0x00001000
sdram            0x02000000         0x00400000
exsdram          0x00000000         0x00800000
*default*        0x00000000         0xffffffff

Linker script and memory map

LOAD ./Debug/ax32xx_reset.S.o
LOAD ./Debug/ax32xx_spi_boot_cfg.S.o
LOAD ./Debug/ax32xx_BLDRX32.S.o
LOAD ./Debug/main.c.o
LOAD ./Debug/resource_manager.c.o
LOAD ./Debug/upgrade.c.o
LOAD ./Debug/board.c.o
LOAD ./Debug/board_bwv1.c.o
LOAD ./Debug/config.c.o
LOAD ./Debug/display.c.o
LOAD ./Debug/explorer.c.o
LOAD ./Debug/filelist.c.o
LOAD ./Debug/font.c.o
LOAD ./Debug/icon.c.o
LOAD ./Debug/configGetValue.c.o
LOAD ./Debug/configSystem.c.o
LOAD ./Debug/logo.c.o
LOAD ./Debug/menuMovieRec.c.o
LOAD ./Debug/msgDeal.c.o
LOAD ./Debug/msgSysRecommend.c.o
LOAD ./Debug/msgSysUnshielded.c.o
LOAD ./Debug/taskManage.c.o
LOAD ./Debug/taskPhotoEncode.c.o
LOAD ./Debug/taskPhotoEncodeMsg.c.o
LOAD ./Debug/taskPlayBack.c.o
LOAD ./Debug/taskPlayBackMsg.c.o
LOAD ./Debug/taskPowerOff.c.o
LOAD ./Debug/taskSysScanDevice.c.o
LOAD ./Debug/taskUsbDevice.c.o
LOAD ./Debug/taskVideoRecord.c.o
LOAD ./Debug/taskVideoRecordMsg.c.o
LOAD ./Debug/toolFunc.c.o
LOAD ./Debug/uiAsternMsg.c.o
LOAD ./Debug/uiMenuDateTimeMsg.c.o
LOAD ./Debug/uiMenuDefaultMsg.c.o
LOAD ./Debug/uiMenuDelCurMsg.c.o
LOAD ./Debug/uiMenuFormatMsg.c.o
LOAD ./Debug/uiMenuItemMsg.c.o
LOAD ./Debug/uiMenuOptionMsg.c.o
LOAD ./Debug/uiNoFileMsg.c.o
LOAD ./Debug/uiTips1Msg.c.o
LOAD ./Debug/uiTipsMsg.c.o
LOAD ./Debug/uiWin.c.o
LOAD ./Debug/uiMenuVersionMsg.c.o
LOAD ./Debug/taskMainMenu.c.o
LOAD ./Debug/taskMainMenuMsg.c.o
LOAD ./Debug/taskGameMenu.c.o
LOAD ./Debug/taskGameMenuMsg.c.o
LOAD ./Debug/taskAudioPlayer.c.o
LOAD ./Debug/taskAudioPlayerMsg.c.o
LOAD ./Debug/game_block.c.o
LOAD ./Debug/game_snake.c.o
LOAD ./Debug/game_sokoban.c.o
LOAD ./Debug/game_tetris.c.o
LOAD ./Debug/taskGame.c.o
LOAD ./Debug/game_maze.c.o
LOAD ./Debug/taskSettingMenu.c.o
LOAD ./Debug/taskApp.c.o
LOAD ./Debug/taskAppMsg.c.o
LOAD ./Debug/uiMenuPrintDensityMsg.c.o
LOAD ./Debug/uiMenuUsbMsg.c.o
LOAD ./Debug/uiMenuUsbRes.c.o
LOAD ./Debug/xos_x_cpu.c.o
LOAD ./Debug/xos_xmbox.c.o
LOAD ./Debug/xos_xmsgq.c.o
LOAD ./Debug/xos_xos.c.o
LOAD ./Debug/xos_xwork.c.o
LOAD ./Debug/multimedia_user_media.c.o
LOAD ./Debug/multimedia_user_effect.c.o
LOAD ./Debug/sUI_dialog.c.o
LOAD ./Debug/sUI_frameWin.c.o
LOAD ./Debug/sUI_imageIcon.c.o
LOAD ./Debug/sUI_itemManage.c.o
LOAD ./Debug/sUI_menuItem.c.o
LOAD ./Debug/sUI_menuOption.c.o
LOAD ./Debug/sUI_progressBar.c.o
LOAD ./Debug/sUI_rect.c.o
LOAD ./Debug/sUI_stringIcon.c.o
LOAD ./Debug/sUI_uiAlloc.c.o
LOAD ./Debug/sUI_widget.c.o
LOAD ./Debug/sUI_winManage.c.o
LOAD ./Debug/sUI_memPool.c.o
LOAD ./Debug/sUI_widgetManage.c.o
LOAD ./Debug/src_ax32xx_int.c.o
LOAD ./Debug/src_ax32xx_sys.c.o
LOAD ./Debug/src_ax32xx_dma.c.o
LOAD ./Debug/src_ax32xx_wdt.c.o
LOAD ./Debug/src_ax32xx_gpio.c.o
LOAD ./Debug/src_ax32xx_uart.c.o
LOAD ./Debug/src_ax32xx_timer.c.o
LOAD ./Debug/src_ax32xx_tminf.c.o
LOAD ./Debug/src_ax32xx_spi.c.o
LOAD ./Debug/src_ax32xx_rtc.c.o
LOAD ./Debug/src_ax32xx_iic.c.o
LOAD ./Debug/src_ax32xx_dac.c.o
LOAD ./Debug/src_ax32xx_adc.c.o
LOAD ./Debug/src_ax32xx_auadc.c.o
LOAD ./Debug/src_ax32xx_isp.c.o
LOAD ./Debug/src_jpeg_table.c.o
LOAD ./Debug/src_ax32xx_usb.c.o
LOAD ./Debug/src_ax32xx_misc.c.o
LOAD ./Debug/src_ax32xx_pip.c.o
LOAD ./Debug/src_ax32xx_btuart.c.o
LOAD ./Debug/src_ax32xx_crc.c.o
LOAD ./Debug/src_ax32xx_emi.c.o
LOAD ./Debug/src_ax32xx_rotate.c.o
LOAD ./Debug/src_ax32xx_osdcmp.c.o
LOAD ./Debug/osd_ax32xx_osd.c.o
LOAD ./Debug/csi_ax32xx_csi.c.o
LOAD ./Debug/lcd_ax32xx_lcd.c.o
LOAD ./Debug/mjpeg_ax32xx_mjpeg.c.o
LOAD ./Debug/resource_user_icon.c.o
LOAD ./Debug/resource_user_str.c.o
LOAD ./Debug/src_hal_adc.c.o
LOAD ./Debug/src_hal_csi.c.o
LOAD ./Debug/src_hal_dac.c.o
LOAD ./Debug/src_hal_eeprom.c.o
LOAD ./Debug/src_hal_gpio.c.o
LOAD ./Debug/src_hal_iic.c.o
LOAD ./Debug/src_hal_lcd.c.o
LOAD ./Debug/src_hal_osd.c.o
LOAD ./Debug/src_hal_rtc.c.o
LOAD ./Debug/src_hal_sd.c.o
LOAD ./Debug/src_hal_spi.c.o
LOAD ./Debug/src_hal_timer.c.o
LOAD ./Debug/src_hal_uart.c.o
LOAD ./Debug/src_hal_watermark.c.o
LOAD ./Debug/src_hal_sys.c.o
LOAD ./Debug/src_hal_auadc.c.o
LOAD ./Debug/src_hal_mjpeg.c.o
LOAD ./Debug/src_hal_int.c.o
LOAD ./Debug/src_hal_wdt.c.o
LOAD ./Debug/src_hal_stream.c.o
LOAD ./Debug/src_hal_emi.c.o
LOAD ./Debug/src_hal_osdcmp.c.o
LOAD ./Debug/src_hal_rotate.c.o
LOAD ./Debug/src_hal_lcdframe.c.o
LOAD ./Debug/src_hal_custom_yuv.c.o
LOAD ./Debug/dusb_hal_usb_api.c.o
LOAD ./Debug/dusb_hal_usb_dev_enum.c.o
LOAD ./Debug/dusb_hal_usb_msc.c.o
LOAD ./Debug/dusb_hal_usb_uac.c.o
LOAD ./Debug/dusb_hal_usb_uvc.c.o
LOAD ./Debug/audio_audio_playback.c.o
LOAD ./Debug/audio_audio_record.c.o
LOAD ./Debug/audio_ring_buffer.c.o
LOAD ./Debug/video_video_playback.c.o
LOAD ./Debug/video_video_record.c.o
LOAD ./Debug/image_image_decode.c.o
LOAD ./Debug/wav_alaw.c.o
LOAD ./Debug/wav_imaadpcm.c.o
LOAD ./Debug/wav_pcm.c.o
LOAD ./Debug/wav_ulaw.c.o
LOAD ./Debug/wav_wav.c.o
LOAD ./Debug/stream_stream.c.o
LOAD ./Debug/btcom_btcom_user.c.o
LOAD ./Debug/unifont_ebook_font.c.o
LOAD ./Debug/unifont_ebook_port.c.o
LOAD ./Debug/cmos_sensor_cmos_sensor.c.o
LOAD ./Debug/cmos_sensor_SENSOR_BF2013.c.o
LOAD ./Debug/cmos_sensor_SENSOR_BF3016.c.o
LOAD ./Debug/cmos_sensor_SENSOR_BF3703.c.o
LOAD ./Debug/cmos_sensor_SENSOR_GC0307.c.o
LOAD ./Debug/cmos_sensor_SENSOR_GC0308.c.o
LOAD ./Debug/cmos_sensor_SENSOR_GC0309.c.o
LOAD ./Debug/cmos_sensor_SENSOR_GC0328.c.o
LOAD ./Debug/cmos_sensor_SENSOR_GC1004.c.o
LOAD ./Debug/cmos_sensor_SENSOR_H42.c.o
LOAD ./Debug/cmos_sensor_SENSOR_H7640.c.o
LOAD ./Debug/cmos_sensor_SENSOR_HM1055.c.o
LOAD ./Debug/cmos_sensor_SENSOR_IT03A1.c.o
LOAD ./Debug/cmos_sensor_SENSOR_NT99141.c.o
LOAD ./Debug/cmos_sensor_SENSOR_NT99142.c.o
LOAD ./Debug/cmos_sensor_SENSOR_OV7670.c.o
LOAD ./Debug/cmos_sensor_SENSOR_OV7725.c.o
LOAD ./Debug/cmos_sensor_SENSOR_OV9710.c.o
LOAD ./Debug/cmos_sensor_SENSOR_OV9732.c.o
LOAD ./Debug/cmos_sensor_SENSOR_SC1045.c.o
LOAD ./Debug/cmos_sensor_SENSOR_SIV100B.c.o
LOAD ./Debug/cmos_sensor_SENSOR_SIV120B.c.o
LOAD ./Debug/cmos_sensor_SENSOR_SIV121DS.c.o
LOAD ./Debug/cmos_sensor_SENSOR_SP1409.c.o
LOAD ./Debug/cmos_sensor_SENSOR_H62.c.o
LOAD ./Debug/cmos_sensor_SENSOR_GC1034.c.o
LOAD ./Debug/cmos_sensor_SENSOR_OV7736.c.o
LOAD ./Debug/cmos_sensor_SENSOR_SP140A.c.o
LOAD ./Debug/cmos_sensor_SENSOR_GC1054.c.o
LOAD ./Debug/cmos_sensor_SENSOR_GC1064.c.o
LOAD ./Debug/cmos_sensor_SENSOR_H63.c.o
LOAD ./Debug/cmos_sensor_SENSOR_GC1084.c.o
LOAD ./Debug/cmos_sensor_SENSOR_H63P.c.o
LOAD ./Debug/cmos_sensor_SENSOR_BF3a03after.c.o
LOAD ./Debug/cmos_sensor_SENSOR_BF3a03front.c.o
LOAD ./Debug/cmos_sensor_SENSOR_SC030IOT.c.o
LOAD ./Debug/cmos_sensor_SENSOR_BF20A6.c.o
LOAD ./Debug/tft_lcd_lcd_mcu_st7789.c.o
LOAD ./Debug/tft_lcd_lcd_rgb_jl_lcd.c.o
LOAD ./Debug/tft_lcd_lcd_rgb_st7282.c.o
LOAD ./Debug/tft_lcd_tft_lcd.c.o
LOAD ./Debug/tft_lcd_lcd_mcu_5420.c.o
LOAD ./Debug/tft_lcd_lcd_mcu_r61509v.c.o
LOAD ./Debug/tft_lcd_lcd_rgb_ili8961.c.o
LOAD ./Debug/tft_lcd_lcd_rgb_ili9342c.c.o
LOAD ./Debug/tft_lcd_lcd_mcu_ili9328.c.o
LOAD ./Debug/tft_lcd_lcd_mcu_hx8352b.c.o
LOAD ./Debug/tft_lcd_lcd_mcu_st7789v.c.o
LOAD ./Debug/tft_lcd_lcd_mcu_hx8352c.c.o
LOAD ./Debug/tft_lcd_lcd_mcu_hx8357b.c.o
LOAD ./Debug/tft_lcd_lcd_rgb_ili9806e.c.o
LOAD ./Debug/tft_lcd_lcd_rgb_ota5182.c.o
LOAD ./Debug/tft_lcd_lcd_rgb_st7701.c.o
LOAD ./Debug/tft_lcd_lcd_mcu_lgdp4532.c.o
LOAD ./Debug/tft_lcd_lcd_mcu_9225G.c.o
LOAD ./Debug/tft_lcd_lcd_mcu_st7789_666format.c.o
LOAD ./Debug/tft_lcd_lcd_mcu_ili9341.c.o
LOAD ./Debug/tft_lcd_lcd_mcu_nv3030a.c.o
LOAD ./Debug/tft_lcd_lcd_mcu_nv3030b.c.o
LOAD ./Debug/tft_lcd_lcd_mcu_r61505v.c.o
LOAD ./Debug/printer_printer.c.o
LOAD ./Debug/nvfs_nvfs.c.o
LOAD ./Debug/Maxlib_max_user.c.o
LOAD ./Debug/Maxlib_uiDraw.c.o
LOAD ./Debug/src_minilzo.c.o
LOAD ./Debug/std_misc.c.o
LOAD ./Debug/std_std_math.c.o
LOAD ./Debug/std_str.c.o
LOAD ./Debug/res_ascii.c.o
LOAD ./Debug/res_ascii_default.c.o
LOAD ./Debug/res_ascii_default_draw.c.o
LOAD ./Debug/res_R.c.o
LOAD ./Debug/res_R_icon.c.o
LOAD ./Debug/res_R_string.c.o
LOAD ./Debug/res_ascii_num3.c.o
LOAD ./Debug/res_ascii_num3_draw.c.o
LOAD ../bwlib\libMasfImage.a
LOAD ../bwlib\libOpenPrinter_S5.a
LOAD ../bwlib\libOpenImage_S5.a
LOAD ../bwlib\libbtcom.a
LOAD ../bwlib\libalgorithm.a
LOAD ../bwlib\libwatermark.a
LOAD ../bwlib\libinterface.a
LOAD ../bwlib\libmp3.a
LOAD ../bwlib\libsd.a
LOAD ../bwlib\libavi.a
LOAD ../bwlib\libfs.a
LOAD C:/MinGW-4.7.1/or1k-elf/lib/no-delay\libc.a
LOAD C:/MinGW-4.7.1/lib/gcc/or1k-elf/4.9.1/no-delay\libgcc.a

.bootsec        0x01fffc00      0x200 load address 0x00000000
 *(.bootsec)
 .bootsec       0x01fffc00      0x200 ./Debug/ax32xx_BLDRX32.S.o
                0x01fffc10                hex
                0x01fffc10                .hex
                0x01fffcbc                .bootsect

.exception      0x00000000     0x1ff8 load address 0x00000200
                0x00000000                _exception_vma = .
 *(.vector)
 .vector        0x00000000      0x3e8 ./Debug/ax32xx_reset.S.o
                0x0000031c                _start
                0x00000358                _step_in
                0x0000039c                _step_out
 *(.vector.text)
 .vector.text   0x000003e8     0x1a7c ./Debug/src_ax32xx_int.c.o
                0x0000053c                exception_delay
                0x00000564                _rtcRamWrite
                0x0000060c                _rtcRamRead
                0x000006c0                my_putchar
                0x00000720                exception_uart_puts
                0x00000734                exception_putword
                0x00000748                my_memset
                0x00000778                exception_init
                0x0000081c                ax32xx_vddrtcCalculate
                0x00000848                check_if_xosc_exist
                0x0000091c                psram_io_drive
                0x00000b40                tuneDataInit
                0x00000b80                setTuneDataBit32
                0x00000bc8                setTuneDataBit
                0x00000bf0                getTuneDataBit32
                0x00000c40                tuneDataReginMatch32
                0x00000d64                getTuneDataInfor
                0x00000e48                psram_rd_wr_test
                0x00000f0c                psram_tunning
                0x00001250                psram_init
                0x00001c24                exception
                0x00001e48                exception_trigger
 *(.vector.data)
 .vector.data   0x00001e64      0x100 ./Debug/ax32xx_reset.S.o
                0x00001e64                _step_data
 .vector.data   0x00001f64       0x94 ./Debug/src_ax32xx_int.c.o
                0x00001f64                tuneData
                0x00001fe8                sdr_tune_source
                0x00001fec                chip_vision

.ram            0x00002000     0x28e0 load address 0x00002200
                0x00002000                __sram_start = .
 *(.msk_var_use)
 *(.sdc_buf)
 .sdc_buf       0x00002000       0x40 ../bwlib\libsd.a(ax32xx_sd.o)
 *(.sram_comm)
 .sram_comm     0x00002040       0x60 ./Debug/xos_xmsgq.c.o
 .sram_comm     0x000020a0      0x280 ./Debug/src_ax32xx_isp.c.o
                0x000020a0                csi_stat
 .sram_comm     0x00002320     0x25c0 ./Debug/src_hal_sys.c.o
                0x00002320                ramuse
                0x000048e0                __sram_end = .

.fifo           0x00008000      0xce0
                0x00008000                __ufifo_start = .
 *(.sram_Usbfifo)
 .sram_Usbfifo  0x00008000      0xce0 ./Debug/src_hal_sys.c.o
                0x00008000                usbfifo
                0x00008ce0                __ufifo_end = .

.text           0x02000000    0x94fd0 load address 0x00002200
                0x02000000                _text_start = .
 *(.text*)
 .text          0x02000000        0x0 ./Debug/ax32xx_reset.S.o
 .text          0x02000000        0x0 ./Debug/ax32xx_spi_boot_cfg.S.o
 .text          0x02000000        0x0 ./Debug/ax32xx_BLDRX32.S.o
 .text          0x02000000      0x59c ./Debug/main.c.o
                0x02000000                registerTask
                0x020000cc                app_resume_cam_set
                0x02000108                init
                0x02000534                systemService
                0x02000568                sendDrawUIMsg
 .text.startup  0x0200059c       0xd4 ./Debug/main.c.o
                0x0200059c                main
 .text          0x02000670     0x1e94 ./Debug/resource_manager.c.o
                0x020007ac                managerInit
                0x02000824                managerCreate
                0x020008fc                managerDestory
                0x02000974                managerFileCount
                0x02000a0c                managerFileCountEx
                0x02000a78                managerLockFile
                0x02000af0                managerLockFileExt
                0x02000b98                managerUnlockFileExt
                0x02000c44                managerCheckLock
                0x02000c80                managerCheckLockExt
                0x02000d08                managerFlush
                0x02000d74                managerDelFileByIndex
                0x02000e84                managerDelFileAll
                0x02000f68                managerScanStart
                0x02000fd0                managerScanEnd
                0x02001090                explorerListHook
                0x020010a8                managerNameChange
                0x020012a8                managerSpaceCheck
                0x0200166c                manangerCheckFileType
                0x020018cc                managerAddFile
                0x02001970                managerAddFileEx
                0x020019d0                managerRenameExt
                0x02001a70                managerRename
                0x02001b30                managerUnlockFile
                0x02001bf0                managerDelFileByName
                0x02001d4c                managerDelFileByFullName
                0x02001ecc                managerFileNameCreater
                0x020020e0                managerFileScan
                0x02002284                manangerGetFileFullPathName
                0x02002338                manangerGetFileName
                0x020023d0                manangerFindFileAndDel
                0x020024ac                getExtName
 .text          0x02002504      0x508 ./Debug/upgrade.c.o
                0x02002504                upgrade_led_control
                0x0200257c                upgrade_uiProgress
                0x020025bc                upgrade
 .text          0x02002a0c      0x310 ./Debug/board.c.o
                0x02002a0c                boardInit
                0x02002b34                boardOpen
                0x02002bd8                boardIoctrl
                0x02002c60                boardNameIoctrl
 .text          0x02002d1c      0xc54 ./Debug/board_bwv1.c.o
                0x020033d8                photo_cmos_init
                0x02003408                board_bat_lowest
                0x02003420                board_bat_valGet
                0x02003454                getCurBatteryADC
                0x02003474                getKeyADCvalue
                0x02003494                getKeyVal
                0x02003568                getKey
                0x020037f0                keyScanKey
 .text          0x02003970      0x374 ./Debug/config.c.o
                0x02003970                configCheckSumCal
                0x020039b4                userConfigSave
                0x02003a28                userConfigReset
                0x02003bb4                userConfigInitial
                0x02003c68                configSet
                0x02003ca4                configGet
 .text          0x02003ce4      0xe24 ./Debug/display.c.o
                0x02003ce4                dispLayerPIPOnlyFront
                0x02003d54                dispLayerPIPOnlyBack
                0x02003dd0                dispLayerPIPBakRightTop
                0x02003e70                dispLayerPIPFrtRightTop
                0x02003ef4                dispLayerPIPFBHalf
                0x02003f78                dispLayerPIPBFHalf
                0x02003ffc                dispLayerUninit
                0x02004058                dispLayerGetResolution
                0x0200412c                dispLayerSetResolution
                0x02004218                dispLayerSetRotate
                0x0200424c                dispRatioResolutionCalculate
                0x02004324                dispLayerSetRatio
                0x020043d4                dispLayerInit
                0x0200460c                dispLayerShow
                0x02004650                dispLayerGetFrame
                0x02004698                dispLayerGetFreeFrame
                0x020046d8                dispLayerFreeFrame
                0x02004750                dispLayerSetFrame
                0x0200479c                dispLayerSetPIPMode
                0x02004800                dispLayer_ABwin
                0x02004830                dispLayer_getABwin
                0x02004850                dispLayerSetFrontCrop
 .text          0x02004b08        0x0 ./Debug/explorer.c.o
 .text          0x02004b08      0xc9c ./Debug/filelist.c.o
 .text          0x020057a4      0x8ec ./Debug/font.c.o
                0x020059b4                fontInit
                0x02005a7c                fontSetLanguage
                0x02005b2c                fontGetStringInfo
                0x02005bdc                fontDrawString
                0x02005dcc                resGetString
                0x02005ee4                resGetChar
 .text          0x02006090      0x270 ./Debug/icon.c.o
                0x02006090                iconInit
                0x020060dc                iconGetSize
                0x02006180                iconGetData
                0x0200621c                iconGetAddr
                0x02006290                iconGetPalette
 .text          0x02006300      0x868 ./Debug/configGetValue.c.o
                0x02006300                configValue2Int
 .text          0x02006b68      0x22c ./Debug/configSystem.c.o
                0x02006b68                configLanguage
                0x02006bf8                configSys
                0x02006d58                configSystem
 .text          0x02006d94      0x8ac ./Debug/logo.c.o
                0x02006e4c                logo_image_show
                0x02006f44                jpg_decode_show
                0x0200702c                system_audio_play
                0x02007268                deamon_sound_play
                0x0200731c                logo_music_show
                0x0200734c                layout_logo_show
                0x02007444                layout_version_get
                0x020074c8                layout_keysound_load
                0x020075ac                layout_sound_load
 .text          0x02007640       0xb0 ./Debug/menuMovieRec.c.o
                0x02007640                menuProcDateTime
                0x0200766c                menuProcFormat
                0x02007698                menuProcDefault
                0x020076c4                menuProcVersion
 .text          0x020076f0      0x360 ./Debug/msgDeal.c.o
                0x020076f0                msgFuncRegister
                0x020077a8                unshieldedMsgFuncRegister
                0x02007824                msgDeal
                0x0200795c                msgDealByType
                0x020079f4                msgDealByMsgInfor
 .text          0x02007a50       0x30 ./Debug/msgSysRecommend.c.o
 .text          0x02007a80      0x648 ./Debug/msgSysUnshielded.c.o
 .text          0x020080c8      0x30c ./Debug/taskManage.c.o
                0x020080c8                taskInit
                0x0200813c                taskInfor
                0x02008150                taskRegister
                0x02008188                taskPrevious
                0x020081a8                taskCurrent
                0x020081c8                taskNext
                0x020081e8                taskStart
                0x02008268                taskService
 .text          0x020083d4     0x1080 ./Debug/taskPhotoEncode.c.o
                0x020083d4                taskPhotoEncodeClose
                0x020084a0                taskPhotoEncodeService
                0x02008550                photoImagePreSizeGet
                0x0200875c                taskPhotoEncodeOpen
                0x02008834                photo_animation_effect
                0x02008b58                task_image_createfile
                0x02008c70                image_take_photo
                0x02008e98                image_take_photo_to_sdram
                0x020092cc                image_take_photo_to_sdram2
 .text          0x02009454     0x26a4 ./Debug/taskPhotoEncodeMsg.c.o
                0x0200ba80                photoFocusIconCancel
 .text          0x0200baf8      0x7c0 ./Debug/taskPlayBack.c.o
                0x0200baf8                taskPlayBackClose
                0x0200bb34                video_playback_jpg_scale
                0x0200bcac                video_playback_start
                0x0200c160                taskPlayBackOpen
                0x0200c1fc                taskPlayBackService
 .text          0x0200c2b8     0x1f3c ./Debug/taskPlayBackMsg.c.o
                0x0200e0e8                playbackPlayTimeCancel
                0x0200e124                backBrushBlack
 .text          0x0200e1f4      0x238 ./Debug/taskPowerOff.c.o
                0x0200e1f4                uninit
                0x0200e388                taskPowerOffOpen
 .text          0x0200e42c      0xee4 ./Debug/taskSysScanDevice.c.o
                0x0200e42c                timerMsgSend
                0x0200e4d0                setKeyEn
                0x0200e4f0                deamon_hall_check
                0x0200e588                deamon_astern_check
                0x0200e59c                reflush_usensor_check
                0x0200e5f4                setSoftwareDetachUsensor
                0x0200e614                deamon_usb_check
                0x0200e9f8                deamon_gsensor_check
                0x0200ea0c                deamon_screen_save
                0x0200eb5c                deamon_key_check
                0x0200ec60                deamon_auto_poweroff
                0x0200ed98                deamon_keysound_play
                0x0200eddc                deamon_fsFreeSize
                0x0200ee4c                deamon_fs_scan
                0x0200f004                deamon_sdc_check
                0x0200f1f8                taskSysScanDev
                0x0200f27c                deamon_fsSizeModify
 .text          0x0200f310      0x494 ./Debug/taskUsbDevice.c.o
 .text          0x0200f7a4      0xc74 ./Debug/taskVideoRecord.c.o
                0x0200f7a4                taskVideoRecordeService
                0x0200f874                task_video_Get_Status
                0x0200f894                video_record_start
                0x0200f92c                task_record_stop
                0x0200f9b0                taskVideoRecordeClose
                0x0200fab0                task_video_record_caltime
                0x0200fb2c                video_record_callback
                0x020101c0                taskVideoRecordeOpen
                0x02010354                taskVideoRecTimeIncreace
                0x02010368                videoCapturePhoto
 .text          0x02010418     0x1088 ./Debug/taskVideoRecordMsg.c.o
                0x020111cc                isLongTestMode
                0x020111f4                recordTimeCount1S
 .text          0x020114a0       0xcc ./Debug/toolFunc.c.o
                0x020114a0                intToString
 .text          0x0201156c        0x0 ./Debug/uiAsternMsg.c.o
 .text          0x0201156c      0x780 ./Debug/uiMenuDateTimeMsg.c.o
 .text          0x02011cec      0x428 ./Debug/uiMenuDefaultMsg.c.o
 .text          0x02012114      0x7f8 ./Debug/uiMenuDelCurMsg.c.o
                0x020123e8                audioplayer_file_list_scan2
 .text          0x0201290c      0x580 ./Debug/uiMenuFormatMsg.c.o
 .text          0x02012e8c      0x780 ./Debug/uiMenuItemMsg.c.o
                0x020135ec                menuIsOpen
 .text          0x0201360c      0x3dc ./Debug/uiMenuOptionMsg.c.o
 .text          0x020139e8      0x270 ./Debug/uiNoFileMsg.c.o
 .text          0x02013c58      0x358 ./Debug/uiTips1Msg.c.o
 .text          0x02013fb0      0x30c ./Debug/uiTipsMsg.c.o
 .text          0x020142bc      0x3bc ./Debug/uiWin.c.o
                0x020142bc                dialogCB
                0x02014440                uiParentDealMsg
                0x02014470                uiOpenWindow
                0x02014558                uiOpenWinAndShow
                0x02014648                windowIsOpen
 .text          0x02014678      0x1dc ./Debug/uiMenuVersionMsg.c.o
 .text          0x02014854       0x64 ./Debug/taskMainMenu.c.o
                0x02014854                taskMainMenuService
                0x02014868                taskMainMenuClose
                0x0201487c                taskMainMenuOpen
 .text          0x020148b8      0xb9c ./Debug/taskMainMenuMsg.c.o
 .text          0x02015454       0x64 ./Debug/taskGameMenu.c.o
                0x02015454                taskGameMenuService
                0x02015468                taskGameMenuClose
                0x0201547c                taskGameMenuOpen
 .text          0x020154b8      0xc84 ./Debug/taskGameMenuMsg.c.o
 .text          0x0201613c      0x274 ./Debug/taskAudioPlayer.c.o
                0x0201613c                taskAudioPlayerService
                0x02016188                uni2oem936_init
                0x02016214                uni2oem936_uninit
                0x02016258                oem2uni936_init
                0x020162e4                taskAudioPlayerOpen
                0x02016340                oem2uni936_uninit
                0x02016384                taskAudioPlayerClose
 .text          0x020163b0     0x1468 ./Debug/taskAudioPlayerMsg.c.o
 .text          0x02017818     0x2450 ./Debug/game_block.c.o
                0x02017818                game_cnt_down
                0x02017848                game_cnt_reinit
                0x02017868                game_cnt_over
                0x02017898                game_cnt_clear
                0x020178c4                effect_rand_get
                0x0201794c                power_up_rand_list_init
                0x020179ec                block_cnt_init
                0x02017a50                rand_get
                0x02017ae0                level_back_index_get
                0x02017b04                block_map_init
                0x02017b64                move_icon_universal_draw
                0x02017bd4                game_frame_buff_show_get
                0x02017bf4                block_icon_draw
                0x02017c88                block_src_init_and_draw
                0x02017d48                block_map_draw
                0x02017df0                game_boundary_init
                0x02017e34                game_block_level_init
                0x02017e70                life_icon_draw
                0x02017f7c                right_score_draw
                0x020180b0                ball_icon_draw
                0x02018148                board_icon_draw
                0x02018190                power_up_item_icon_draw
                0x02018250                DrawMap_block
                0x02018298                power_up_item_init
                0x02018390                power_up_item_destroy
                0x020183fc                ball_init
                0x020184e0                ball_item_destroy
                0x0201854c                copy_ball_action
                0x020185c8                ball_and_board_init
                0x02018668                board_and_ball_flash_init
                0x020186a0                move_rule
                0x02018794                game_boundary_hit_check
                0x02018840                universal_hit_action
                0x02018874                universal_hit_check
                0x02018b74                board_hit_check
                0x02018c54                block_hit_check
                0x02018dd0                clear_block_effect
                0x02018f34                board_move
                0x02018fec                ball_move
                0x020190b0                ball_fire_power_up
                0x02019118                ball_multi_power_up
                0x020191a4                power_up_item_move
                0x02019298                power_up_move
                0x02019318                move
                0x020193d4                pass_check
                0x02019430                game_block_init
                0x02019484                block_free_buf
                0x020194e0                game_block_exit
                0x02019534                flash_reinit
                0x02019608                flash_init
                0x02019650                block_breaker_going_key_response
                0x02019708                game_block_start
                0x020197cc                block_breaker_going
                0x02019904                block_breaker_level_pass
                0x02019968                block_breaker_game_over_show
                0x020199dc                block_breaker_game_pause
                0x02019b10                game_block_key_active
                0x02019b80                game_block_entry
 .text          0x02019c68      0xe30 ./Debug/game_snake.c.o
                0x02019c68                snake_get_buf
                0x02019cdc                snake_put_buf
                0x02019d34                snake_init
                0x02019de0                rand_next
                0x02019e94                createFood
                0x02019f78                creatMap
                0x02019fcc                biteSelf
                0x0201a024                chet_endGamestatus
                0x0201a0b4                detore_snake
                0x0201a108                snakeOSDDisplayBufGet
                0x0201a154                snake_I80
                0x0201a24c                snakeOSDDisplay
                0x0201a2ac                snake_frame_icon_draw
                0x0201a3b8                get_malloc
                0x0201a3ec                show_icon_rect
                0x0201a4f4                show_all
                0x0201a62c                snakeMove
                0x0201a840                key_read
                0x0201a8e0                snake_main_init
                0x0201a994                game_snake_entry
 .text          0x0201aa98      0x738 ./Debug/game_sokoban.c.o
                0x0201aa98                Move
                0x0201abf4                resultCheck
                0x0201ac8c                map_init
                0x0201acd0                get_map_size
                0x0201ace8                man_init
                0x0201ad58                DataRead_CMode
                0x0201addc                TXZ_show_icon_rect
                0x0201aef0                TXZ_show_one_rect
                0x0201af1c                DrawMap
                0x0201af94                TXZ_show_all
                0x0201afcc                get_game_map
                0x0201b094                sokoban_init
                0x0201b0f0                game_sokoban_entry
 .text          0x0201b1d0      0xfe4 ./Debug/game_tetris.c.o
                0x0201b1d0                insertTetris
                0x0201b278                checkCollision_L
                0x0201b2b0                checkCollision_R
                0x0201b2e4                checkCollision
                0x0201b384                show_one_diamonds
                0x0201b40c                printScore
                0x0201b5dc                printNextTetris
                0x0201b670                giveTetris
                0x0201b750                removeTetris
                0x0201b808                printCurrentTetris
                0x0201b928                setPoolColor
                0x0201b9dc                rotateTetris
                0x0201ba80                checkErasing
                0x0201bc10                printTetrisPool
                0x0201bce0                moveDownTetris
                0x0201bd90                horzMoveTetris
                0x0201be34                keydownControl
                0x0201befc                endgame
                0x0201bf18                restartGame
                0x0201bfb8                game_tetris_init
                0x0201c04c                game_tetris_exit
                0x0201c090                game_tetris_entry
 .text          0x0201c1b4     0x1a28 ./Debug/taskGame.c.o
                0x0201c1b4                taskGameClose
                0x0201c308                gameInit
                0x0201c3a4                gameGetKeyADCValue
                0x0201c42c                game_key_judge
                0x0201c4ac                fps_count_reset
                0x0201c4d8                rand_int
                0x0201c544                get_game_base_buf
                0x0201c564                get_game_show_buf
                0x0201c640                get_bin_data
                0x0201c6d0                frame_icon_draw
                0x0201c864                game_OSD_str_draw
                0x0201ced4                game_tips
                0x0201d3b8                game_over
                0x0201d4b0                gameExit
                0x0201d524                taskGameService
                0x0201d58c                game_bk_draw
                0x0201d638                frame_buff_display
                0x0201d6b0                free_buf
                0x0201d6d8                game_audio_init
                0x0201d868                taskGameOpen
                0x0201d8a4                game_audio_play
                0x0201da48                game_key_event
                0x0201db20                gameTickGenerator
 .text          0x0201dbdc      0x5ac ./Debug/game_maze.c.o
                0x0201dbdc                Move_maze
                0x0201dd9c                resultCheck_maze
                0x0201ddf8                maze_map_set
                0x0201de38                get_map_maze_size
                0x0201de50                man_maze_init
                0x0201de80                maze_show_one_rect
                0x0201df44                maze_DrawMap
                0x0201dfbc                maze_show_all
                0x0201dff4                maze_map_init
                0x0201e03c                maze_keypress
                0x0201e090                maze_init
                0x0201e0d8                game_maze_entry
 .text          0x0201e188       0xb8 ./Debug/taskSettingMenu.c.o
                0x0201e188                taskSettingMenuService
                0x0201e19c                taskSettingMenuClose
                0x0201e1d8                taskSettingMenuOpen
 .text          0x0201e240      0x190 ./Debug/taskApp.c.o
                0x0201e2c8                taskAppOpen
                0x0201e330                taskAppService
                0x0201e364                taskAppClose
 .text          0x0201e3d0      0x614 ./Debug/taskAppMsg.c.o
                0x0201e9bc                GBKToHex
 .text          0x0201e9e4      0x558 ./Debug/uiMenuPrintDensityMsg.c.o
 .text          0x0201ef3c      0x2fc ./Debug/uiMenuUsbMsg.c.o
 .text          0x0201f238        0x0 ./Debug/uiMenuUsbRes.c.o
 .text          0x0201f238        0x0 ./Debug/xos_x_cpu.c.o
 .text          0x0201f238      0x1b0 ./Debug/xos_xmbox.c.o
                0x0201f238                XMboxInit
                0x0201f278                XMboxCreate
                0x0201f300                XMboxDestory
                0x0201f338                XMboxPost
                0x0201f38c                XMboxPend
 .text          0x0201f3e8      0x2e4 ./Debug/xos_xmsgq.c.o
                0x0201f3e8                XMsgQInit
                0x0201f428                XMsgQCreate
                0x0201f4b8                XMsgQDestory
                0x0201f4f0                XMsgQFlush
                0x0201f530                XMsgQPost
                0x0201f5a8                XMsgQPostFront
                0x0201f624                XMsgQPend
                0x0201f6b4                XMsgQCheck
 .text          0x0201f6cc      0x12c ./Debug/xos_xos.c.o
                0x0201f6cc                XOSInit
                0x0201f70c                XOSTickService
                0x0201f77c                XOSTimeGet
                0x0201f79c                XOSTimeDly
                0x0201f7d8                XOSRandom
 .text          0x0201f7f8      0x168 ./Debug/xos_xwork.c.o
                0x0201f7f8                XWorkInit
                0x0201f838                XWorkCreate
                0x0201f8c4                XWorkDestory
                0x0201f8f4                XWorkService
 .text          0x0201f960      0xa5c ./Debug/multimedia_user_media.c.o
                0x0201f960                jpg_decode_buf
                0x0201fa04                jpg_buf_decode_buf
                0x0201faa8                yuv_rgb_table
                0x0201fabc                bmp24_to_yuv420_buf
                0x0201fed4                yuv420_draw_buf
                0x020200bc                yuv420_pencil_sketch
                0x020200d0                yuv420_software_set_handle_frame
                0x020200f0                yuv420_software_get_handle_frame
                0x02020110                yuv420_effect_handle
                0x02020348                get_random_addr
                0x02020364                get_accredit_addr
                0x02020380                photo_effect_ctrl
 .text          0x020203bc        0x0 ./Debug/multimedia_user_effect.c.o
 .text          0x020203bc      0x168 ./Debug/sUI_dialog.c.o
                0x020203bc                dialogCreate
                0x0202046c                dialogItem
 .text          0x02020524      0x22c ./Debug/sUI_frameWin.c.o
                0x0202067c                frameWinCreate
                0x020206e0                frameWinCreateIndirect
 .text          0x02020750      0x2b0 ./Debug/sUI_imageIcon.c.o
                0x020208d8                imageIconCreate
                0x02020984                imageIconCreateIndirect
 .text          0x02020a00     0x191c ./Debug/sUI_itemManage.c.o
                0x02020a00                itemManageCreate
                0x02020a84                itemManageCreateIndirect
                0x02020af8                itemManageSetItemHeight
                0x02020c7c                itemManageSetItemRowSumGap
                0x02020d84                itemManageSetHeightAvgGap
                0x02020ef8                itemManageSetRowSum
                0x0202102c                itemManageSetColumnSum
                0x0202117c                itemManageSetColumnSumWithGap
                0x020212f8                itemManageSetColumnMargin
                0x02021428                itemManageCreateItem
                0x020215c4                itemManageSetResInforFuncEx
                0x0202161c                itemManageSetCurItem
                0x02021918                itemManageUpdateRes
                0x020219d0                itemManageUpdateAllitem
                0x02021a34                itemManageUpdateCurItem
                0x02021bd8                itemManageNextItem
                0x02021c48                itemManagePreItem
                0x02021cb8                itemManageNextPage
                0x02021d3c                itemManagePrePage
                0x02021dc4                itemManageGetCurrentItem
                0x02021e28                itemManageSetCharInfor
                0x02021ee0                itemManageSetSelectColor
                0x02021f7c                itemManageSetSelectImage
                0x0202201c                itemManageSetUnselectColor
                0x020220b8                itemManageSetUnselectImage
                0x02022158                itemManageGetTouchInfor
 .text          0x0202231c      0x3d0 ./Debug/sUI_menuItem.c.o
                0x0202254c                menuItemCreate
                0x020225f4                itemCreateMenuItem
 .text          0x020226ec      0x360 ./Debug/sUI_menuOption.c.o
                0x020228e0                menuOptionCreate
                0x02022984                itemCreatemenuOption
 .text          0x02022a4c      0x274 ./Debug/sUI_progressBar.c.o
                0x02022bc4                progressBarCreate
                0x02022c48                progressBarCreateIndirect
 .text          0x02022cc0      0x234 ./Debug/sUI_rect.c.o
                0x02022dfc                rectCreate
                0x02022e80                rectCreateIndirect
 .text          0x02022ef4      0x3b4 ./Debug/sUI_stringIcon.c.o
                0x02023138                stringIconCreate
                0x020231f4                stringIconCreateIndirect
 .text          0x020232a8      0x26c ./Debug/sUI_uiAlloc.c.o
                0x020232a8                uiHeapInit
                0x020232e0                uiAlloc
                0x020233d8                uiFree
                0x020234d8                uiHeapInfor
                0x02023500                heapAllocTest
 .text          0x02023514      0x11c ./Debug/sUI_widget.c.o
                0x02023514                widgetProc
                0x02023560                widgetSetType
                0x02023590                widgetGetType
                0x020235c4                widgetGetId
                0x020235fc                widgetSetId
 .text          0x02023630     0x1b48 ./Debug/sUI_winManage.c.o
                0x02023630                winErrShow
                0x0202367c                winSendMsg
                0x020236bc                winSendMsgNoData
                0x020236e4                winSendMsgToParent
                0x02023714                winSendMsgToParentNoData
                0x0202373c                winOverlapping
                0x020237a0                winContain
                0x02023804                winHasInvalidRect
                0x02023898                winFreeInvalidRect
                0x02023b94                winCreate
                0x02023fa0                winDestroy
                0x0202410c                winGetTouchInfor
                0x0202413c                winTouch
                0x0202435c                winSetbgColor
                0x02024390                winSetfgColor
                0x020243c4                winSetVisible
                0x02024448                winIsVisible
                0x02024484                winSetResid
                0x020244b4                winSetItemSelResid
                0x020244e4                winSetStrInfor
                0x02024534                resInforInit
                0x02024580                winSetSelectInfor
                0x020245b0                winSetUnselectInfor
                0x020245e0                winChangeNotify
                0x02024648                winDefaultProc
                0x02024a24                winResize
                0x02024bb4                winGetRelativePos
                0x02024c44                winGetPos
                0x02024c88                winUpdate
                0x02024cf8                winSetPorgressRate
                0x02024d28                winGetCurrent
                0x02024d48                winPaint
                0x02024e54                winSetName
                0x02024e74                winIntersection
                0x02024f28                winUpdateAllResId
                0x02024f8c                winDestroyDeskTopChildWin
                0x02025000                winInit
                0x020250ec                winUninit
 .text          0x02025178      0x174 ./Debug/sUI_memPool.c.o
                0x02025178                mempCreate
                0x020251e0                mempGet
                0x02025238                mempPut
                0x02025274                mempInfor
 .text          0x020252ec      0x434 ./Debug/sUI_widgetManage.c.o
                0x02025538                widgetManageCreate
                0x020255bc                widgetManageCreateIndirect
                0x0202562c                widgetManageUpdateAll
                0x02025650                widgetManageUpdateCur
                0x02025674                widgetManageNext
                0x02025698                widgetManagePre
                0x020256bc                widgetManageSelect
                0x020256f0                widgetManageCurId
 .text          0x02025720      0x3cc ./Debug/src_ax32xx_int.c.o
                0x02025720                ax32xx_intHandler
                0x02025734                fast_isr
                0x0202581c                slow_isr
                0x02025918                ax32xx_intEnable
                0x02025960                ax32xx_int_priority
                0x020259a8                ax32xx_intInit
 .text          0x02025aec      0x9c4 ./Debug/src_ax32xx_sys.c.o
                0x02025aec                ax32xx_sysCpuMsDelay
                0x02025b28                ax32xx_sysCpuNopDelay
                0x02025b50                ax32xx_sysDcacheInit
                0x02025b94                ax32xx_sysIcacheInit
                0x02025bd8                ax32xx_sysDcacheWback
                0x02025c54                ax32xx_sysDcacheFlush
                0x02025cd0                ax32xx_sysDcacheInvalid
                0x02025d4c                ax32xx_sysSRAMClear
                0x02025da0                ax32xx_sysBSSClear
                0x02025e04                ax32xx_sysLDOSet
                0x02025f44                ax32xx_sysClkSet
                0x02025fa0                ax32xx_sysReset
                0x02025fe0                ax32xx_sys_dma_memdown
                0x02026044                ax32xx_sys_dma_memkick
                0x02026108                ax32xx_mcpy_gram2ufifo
                0x02026168                ax32xx_mcpy1_sdram2gram
                0x0202620c                ax32xx_mcpy1_sdram2gram_2
                0x0202626c                ax32xx_sysInit
                0x020263f0                ax32xx_sysUninit
 .text          0x020264b0      0x298 ./Debug/src_ax32xx_dma.c.o
                0x020264b0                ax32xx_dmaNocCfg
                0x020266d8                ax32xx_dmaNocDefault
                0x02026700                ax32xx_dmaChannelEnable
 .text          0x02026748       0x80 ./Debug/src_ax32xx_wdt.c.o
                0x02026748                ax32xx_wdtEnable
                0x02026764                ax32xx_wdtTimeSet
                0x02026778                ax32xx_wdtClear
                0x020267ac                ax32xx_wdtReset
 .text          0x020267c8      0xb08 ./Debug/src_ax32xx_gpio.c.o
                0x020267c8                ax32xx_gpioSFRSet
                0x02026a0c                ax32xx_gpioDirSet
                0x02026ab0                ax32xx_gpioPullSet
                0x02026b7c                ax32xx_gpioDrvSet
                0x02026c0c                ax32xx_gpioDataSet
                0x02026c98                ax32xx_gpioDataGrounpSet
                0x02026d14                ax32xx_gpioDataGet
                0x02026d98                ax32xx_gpioMapSet
                0x02026e28                ax32xx_gpioDigitalSet
                0x02026eb8                ax32xx_gpioHystersisSet
                0x02026f48                ax32xx_gpioLedPull
                0x02027014                ax32xx_gpioLedInit
                0x020270a4                ax32xx_gpioINTCheck
                0x020270dc                ax32xx_gpioINTClear
                0x02027104                ax32xx_gpioINTInit
                0x02027234                ax32xx_gpioIRQHandler
 .text          0x020272d0      0x394 ./Debug/src_ax32xx_uart.c.o
                0x020272d0                ax32xx_uart0IRQHandler
                0x02027320                ax32xx_uart0IOCfg
                0x020273b4                ax32xx_uart0Init
                0x02027444                ax32xx_uart0SendByte
                0x02027484                ax32xx_uart1IRQHandler
                0x020274e0                ax32xx_uart1IOCfg
                0x020275c0                ax32xx_uart1Init
                0x02027634                ax32xx_uart1SendByte
 .text          0x02027664      0xab8 ./Debug/src_ax32xx_timer.c.o
                0x02027664                ax32xx_timer0IRQHandler
                0x020276a8                ax32xx_timer1IRQHandler
                0x020276ec                ax32xx_timer2IRQHandler
                0x02027730                ax32xx_timer3IRQHandler
                0x02027774                ax32xx_timerISRRegister
                0x020277b8                ax32xx_timerStart
                0x020278b4                ax32xx_timerStop
                0x02027984                ax32xx_timerEnable
                0x02027a10                ax32xx_timerDisable
                0x02027ab4                ax32xx_timerTickStart
                0x02027ae8                ax32xx_timer3TickStart
                0x02027b1c                ax32xx_timerTickStop
                0x02027b3c                ax32xx_timer3TickStop
                0x02027b5c                ax32xx_timerTickCount
                0x02027b78                ax32xx_timer3TickCount
                0x02027b94                ax32xx_printTimerStart
                0x02027c5c                ax32xx_timerPWMStart
                0x02028098                ax32xx_timerPWMStop
 .text          0x0202811c      0x53c ./Debug/src_ax32xx_tminf.c.o
                0x0202811c                ax32xx_mjpegATimeinfoEnable
                0x020281d8                ax32xx_mjpegBTimeinfoEnable
                0x02028264                ax32xx_mjpegATimeinfoColor
                0x020282b0                ax32xx_mjpegBTimeinfoColor
                0x0202830c                ax32xx_mjpegATimeinfoSize
                0x02028380                ax32xx_mjpegBTimeinfoSize
                0x02028414                ax32xx_mjpegATimeinfoPos
                0x02028488                ax32xx_mjpegBTimeinfoPos
                0x0202851c                ax32xx_mjpegATimeinfoAddr
                0x02028570                ax32xx_mjpegBTimeinfoAddr
                0x020285ec                ax32xx_recfg_mjpb_tminf
 .text          0x02028658      0x7f4 ./Debug/src_ax32xx_spi.c.o
                0x02028658                ax32xx_spi0Init
                0x02028878                ax32xx_spi0SendByte
                0x020288cc                ax32xx_spi0RecvByte
                0x02028920                ax32xx_spi0Send0
                0x020289d8                ax32xx_spi0Recv0
                0x02028a90                ax32xx_spi0CS0Config
                0x02028ad4                spi1_pin_config
                0x02028ba4                hal_spi1Init
                0x02028c1c                spi1_send_byte
                0x02028c8c                spi1_receive_byte
                0x02028cd4                spi1_recevie_dma
                0x02028d6c                spi1_send_dma
                0x02028e08                spi1_enable
 .text          0x02028e4c      0xc9c ./Debug/src_ax32xx_rtc.c.o
                0x02028e4c                ax32xx_rtcWriteByte
                0x02028e9c                ax32xx_rtcReadByte
                0x02028f00                ax32xx_rtcRamRead
                0x02028f9c                ax32xx_rtcRamWrite
                0x02029038                ax32xx_rtcDataRead
                0x020290c0                ax32xx_rtcDataWrite
                0x02029148                ax32xx_rtcInit
                0x02029320                ax32xx_rtcIRQHandler
                0x020293d8                ax32xx_rtcSencodEnable
                0x02029454                ax32xx_rtcAlamEnable
                0x0202953c                ax32xx_rtcAlamSet
                0x02029584                ax32xx_rtcGet
                0x020295d8                ax32xx_rtcSet
                0x02029620                ax32xx_WKOEnable
                0x0202967c                ax32xx_VDDGSENEnable
                0x020296ec                ax32xx_WKI0InputEnable
                0x0202975c                ax32xx_WKI1InputEnable
                0x020297cc                ax32xx_WKI1Read
                0x020297f0                ax32xx_WKI0Read
                0x02029814                ax32xx_WKI1WakeupEnable
                0x0202997c                ax32xx_WKI1WakeupTriger
                0x020299cc                ax32xx_WKI1CleanPending
                0x02029a08                ax32xx_rtcBatDecEnable
                0x02029a78                ax32xx_rtcSenHVEnable
 .text          0x02029ae8      0x8f0 ./Debug/src_ax32xx_iic.c.o
                0x02029ba0                software_iic_sdaout
                0x02029bd4                software_iic_sdain
                0x02029c08                software_iic_sda_set
                0x02029c34                software_iic_scl_set
                0x02029c60                software_iic_sda_get
                0x02029c88                software_iic_init
                0x02029cb8                software_iic_start
                0x02029d30                software_iic_stop
                0x02029da8                software_iic_wait_ack
                0x02029e60                ax32xx_iic0Init
                0x02029f20                ax32xx_iic0Uninit
                0x02029fb4                ax32xx_iic0Start
                0x02029fd0                ax32xx_iic0Stop
                0x0202a010                ax32xx_iic0RecvACK
                0x0202a038                ax32xx_iic0SendACK
                0x0202a05c                ax32xx_iic0SendByte
                0x0202a0ac                ax32xx_iic0RecvByte
                0x0202a100                ax32xx_iic1Init
                0x0202a1c0                ax32xx_iic1Uninit
                0x0202a224                ax32xx_iic1Start
                0x0202a240                ax32xx_iic1Stop
                0x0202a2a0                ax32xx_iic1RecvACK
                0x0202a2c8                ax32xx_iic1SendACK
                0x0202a2ec                ax32xx_iic1SendByte
                0x0202a35c                ax32xx_iic1RecvByte
 .text          0x0202a3d8      0x66c ./Debug/src_ax32xx_dac.c.o
                0x0202a418                ax32xx_dacIRQHandler
                0x0202a4ec                ax32xx_dacSampleRateSet
                0x0202a55c                ax32xx_dacEnable
                0x0202a5e0                ax32xx_dacVolumeSet
                0x0202a658                ax32xx_dacBufferSet
                0x0202a678                ax32xx_dacBufferFlush
                0x0202a698                ax32xx_dacReset
                0x0202a6bc                ax32xx_dacStart
                0x0202a738                ax32xx_dacStop
                0x0202a768                ax32xx_dacISRRegister
                0x0202a788                ax32xx_dacHPSet
                0x0202a81c                eq_coeff_init
                0x0202a88c                eq_gain_init
                0x0202a8fc                ax32xx_dacInit
 .text          0x0202aa44      0x154 ./Debug/src_ax32xx_adc.c.o
                0x0202aa44                ax32xx_adcEnable
                0x0202aaac                ax32xx_adcSetBaudrate
                0x0202aadc                ax32xx_adcConverStart
                0x0202ab00                ax32xx_adcRead
                0x0202ab58                ax32xx_adcRead2
 .text          0x0202ab98      0x4d0 ./Debug/src_ax32xx_auadc.c.o
                0x0202ab98                ax32xx_auadcIRQHandler
                0x0202ac28                ax32xx_auadcHalfIRQRegister
                0x0202ac48                ax32xx_auadcEndIRQRegister
                0x0202ac68                ax32xx_auadcEnable
                0x0202ad60                ax32xx_auadcAGCEnable
                0x0202adf0                ax32xx_auadcGainSet
                0x0202ae6c                ax32xx_auadcBufferSet
                0x0202aecc                ax32xx_auadcInit
                0x0202af70                ax32xx_auadcSetSampleSet
                0x0202b054                agc_gain_mnt
 .text          0x0202b068       0x3c ./Debug/src_ax32xx_isp.c.o
                0x0202b068                ax32xx_ispModeSet
 .text          0x0202b0a4      0x298 ./Debug/src_jpeg_table.c.o
                0x0202b0a4                jpegA_table_init
                0x0202b220                ax32xx_mjpB_tab_init
 .text          0x0202b33c      0xd70 ./Debug/src_ax32xx_usb.c.o
                0x0202b33c                _usb_bulk_tx
                0x0202b478                _usb_bulk_rx
                0x0202b584                _usb_iso_kick
                0x0202b674                _iso_wait_txdown
                0x0202b6e4                usb_iso_tx
                0x0202b7e4                usb_burst_reset
                0x0202b830                usb_host_reset
                0x0202b87c                usb_phyreset_as_typeb
                0x0202b9c4                usb_phyreset_as_typea
                0x0202bb10                usb_insert
                0x0202bb24                usb_check_hal
                0x0202bb38                get_u32softcnt
                0x0202bb58                ax32xx_usbIRQHanlder
                0x0202bc4c                ax32xx_usbCallbackRegister
                0x0202bc88                ax32xx_usb_hostIRQHanlder
                0x0202bc9c                usb_device_check
                0x0202bd64                ax32xx_usbPhyPllEnable
                0x0202be0c                usb11_registers_write
                0x0202be38                usb11_registers_read
                0x0202be70                usb_memcpy
                0x0202bee4                usb_phyreset_as_typea11
                0x0202bef8                usb11_host_reset
                0x0202bf0c                ax32xx_usb11_hostIRQHanlder
                0x0202bf20                usb20_host_check
                0x0202bfe8                usb11HostCheckNoWait
                0x0202c000                usb11_host_check
                0x0202c018                usb20_phyreset_as_filter
 .text          0x0202c0ac      0x210 ./Debug/src_ax32xx_misc.c.o
                0x0202c0ac                str_seek
                0x0202c118                dec_num2str
                0x0202c158                char_2_hex
                0x0202c1ac                data_check
                0x0202c1ec                pointer_check
                0x0202c210                half_word_memcpy
                0x0202c248                word_memcpy
                0x0202c280                word_reg_memcpy
 .text          0x0202c2bc      0x14c ./Debug/src_ax32xx_pip.c.o
                0x0202c2bc                ax32xx_pipConfig
                0x0202c338                ax32xx_pipEnable
                0x0202c37c                ax32xx_pipCounterReset
                0x0202c3bc                ax32xx_pipGetTopLayer
                0x0202c3e0                ax32xx_pipGetBotLayer
 .text          0x0202c408        0x0 ./Debug/src_ax32xx_btuart.c.o
 .text          0x0202c408        0x0 ./Debug/src_ax32xx_crc.c.o
 .text          0x0202c408      0x26c ./Debug/src_ax32xx_emi.c.o
                0x0202c408                ax32xx_emiInit
                0x0202c544                ax32xx_emiISRRegister
                0x0202c578                ax32xx_emiIRQHandler
                0x0202c5d4                ax32xx_emiKick
                0x0202c630                ax32xx_emiCheckBusy
                0x0202c650                ax32xx_emiCheckRXError
 .text          0x0202c674      0x278 ./Debug/src_ax32xx_rotate.c.o
                0x0202c674                ax32xx_rotateISRRegiser
                0x0202c694                ax32xx_rotateCheckBusy
                0x0202c6b4                ax32xx_rotateReset
                0x0202c700                ax32xx_rotateStart
                0x0202c818                ax32xx_rotateWaitFrameDone
                0x0202c86c                ax32xx_rotateIRQHandler
                0x0202c8bc                ax32xx_rotateGetSrcYAddr
 .text          0x0202c8ec      0x370 ./Debug/src_ax32xx_osdcmp.c.o
                0x0202c8ec                ax32xx_osdcmpISRRegiser
                0x0202c90c                ax32xx_osdcmpCheckBusy
                0x0202c930                ax32xx_osdcmpReset
                0x0202c97c                ax32xx_osdcmpGetCompSize
                0x0202c99c                ax32xx_osdcmpKick
                0x0202ca70                ax32xx_osdcmpWaitFrameDone
                0x0202cb08                ax32xx_osdcmpCompOneFrame
                0x0202cc10                ax32xx_osdcmpIRQHandler
 .text          0x0202cc5c      0xd68 ./Debug/osd_ax32xx_osd.c.o
                0x0202cc5c                ax32xx_deWait
                0x0202ccb8                ax32xx_deUpdate
                0x0202ccdc                ax32xx_deGetUpdateStatus
                0x0202cd00                ax32xx_deIRQHandler
                0x0202cd60                ax32xx_deISRRegister
                0x0202cd80                ax32xx_deInit
                0x0202cdfc                ax32xx_deSetBackground
                0x0202ce30                ax32xx_deSetCSC
                0x0202ce7c                ax32xx_videoSetDither
                0x0202cf1c                ax32xx_videoSetScale
                0x0202cf68                ax32xx_videoSetScaleLine
                0x0202cfd8                ax32xx_videoSetScanMode
                0x0202d024                ax32xx_videoGetYAddr
                0x0202d054                ax32xx_videoGetUVAddr
                0x0202d084                ax32xx_videoSetAddr
                0x0202d0a0                ax32xx_videoSetStride
                0x0202d0c4                ax32xx_videoSetSize
                0x0202d0fc                ax32xx_videoSetPosition
                0x0202d124                ax32xx_videoCopyCfg
                0x0202d18c                ax32xx_videoEnable
                0x0202d1d0                ax32xx_degamma_cfg
                0x0202d1f0                ax32xx_videoGammaRed
                0x0202d234                ax32xx_videoGammaGreen
                0x0202d278                ax32xx_videoGammaBlue
                0x0202d2bc                ax32xx_deSetGAMA
                0x0202d340                ax32xx_deSet_DE_CCM
                0x0202d428                ax32xx_deSet_DE_SAJ
                0x0202d494                ax32xx_videoGammaEnable
                0x0202d4d8                ax32xx_osdEnable
                0x0202d544                ax32xx_osdSetSize
                0x0202d598                ax32xx_osdSetPosition
                0x0202d5ec                ax32xx_osdSetPalette
                0x0202d634                ax32xx_osdSetAddr
                0x0202d6f0                ax32xx_osdGetAddr
                0x0202d740                ax32xx_osdSetAlpha
                0x0202d7ac                ax32xx_osdSetUpscaler
                0x0202d974                ax32xx_osdEncodeOneCode
 .text          0x0202d9c4      0xf88 ./Debug/csi_ax32xx_csi.c.o
                0x0202d9c4                hal_csi_fcnt_get
                0x0202d9f4                ax32xx_csiIRQHandler
                0x0202dbcc                ax32xx_csiISRRegiser
                0x0202dc08                ax32xx_csiMJPEGFrameSet
                0x0202dc78                ax32xx_csiMjpegFrameSwitch
                0x0202dc94                ax32xx_csihv_tomjpg_Switch
                0x0202dcb0                ax32xx_csihv_tomjp_dma_cfg
                0x0202dd3c                ax32xx_csi_only_FrameSet
                0x0202dd5c                ax32xx_csiYUVFrameSet
                0x0202dd70                ax32xx_csiIOConfig
                0x0202ddc8                ax32xx_csiInit
                0x0202ddf4                ax32xx_csiMclkSet
                0x0202deb8                ax32xx_csi_set_mclk_free
                0x0202df00                ax32xx_csiSyncSet
                0x0202df64                ax32xx_csiPrioritySet
                0x0202dfa8                ax32xx_csiTypeSet
                0x0202e014                ax32xx_csiModeSet
                0x0202e050                ax32xx_pclk_fir_Set
                0x0202e0b8                ax32xx_pclk_analog_Set
                0x0202e108                ax32xx_pclk_inv_Set
                0x0202e14c                ax32xx_csi_clk_tun_Set
                0x0202e194                ax32xx_csiSizeSet
                0x0202e1cc                ax32xx_csiInputAddrSet
                0x0202e1e4                ax32xx_csiTestModeSet
                0x0202e24c                ax32xx_csiDvpClkDivSet
                0x0202e294                ax32xx_csiLCDFrameSet
                0x0202e2c0                ax32xx_csiLCDDmaEnable
                0x0202e35c                ax32xx_csiLCDDmaKick
                0x0202e3a0                ax32xx_csiLCDScaler
                0x0202e574                ax32xx_csiScaler
                0x0202e6f4                ax32xx_hvScaler
                0x0202e828                ax32xx_csiScalerCheck
                0x0202e850                ax32xx_csiOutputSet
                0x0202e88c                ax32xx_csiEnable
                0x0202e91c                ax32xx_csiIOConfigUinit
 .text          0x0202e94c      0xd70 ./Debug/lcd_ax32xx_lcd.c.o
                0x0202e94c                ax32xx_lcdSPIMode
                0x0202e978                ax32xx_lcdSPIInit
                0x0202ea28                ax32xx_lcdSPIUninit
                0x0202ea64                ax32xx_lcdSPISendData
                0x0202ebd8                ax32xx_lcdMcuSendCmd
                0x0202ec3c                ax32xx_lcdMcuSendData
                0x0202ec90                ax32xx_lcdMcuSendCmd16
                0x0202ed14                ax32xx_lcdMcuSendData16
                0x0202ed98                ax32xx_lcdInit
                0x0202ede4                ax32xx_lcdIRQEnable
                0x0202ee2c                ax32xx_lcdPreLineSet
                0x0202ee48                ax32xx_lcdSignalSet
                0x0202eee0                ax32xx_lcdBusWidth
                0x0202ef34                ax32xx_lcdBusEnable
                0x0202ef84                ax32xx_lcdClkSet
                0x0202efa4                ax32xx_lcdSyncSet
                0x0202efc8                ax32xx_lcdDESignalSet
                0x0202efec                ax32xx_lcdPositionSet
                0x0202f008                ax32xx_lcdResolutionSet
                0x0202f024                ax32xx_lcdWindowSizeSet
                0x0202f040                ax32xx_lcdDataModeSet
                0x0202f084                ax32xx_lcdClkNumberSet
                0x0202f09c                ax32xx_lcdEndLineSet
                0x0202f0b8                ax32xx_lcdPanelMode
                0x0202f100                ax32xx_lcdEnable
                0x0202f164                ax32xx_lcdTeMode
                0x0202f1ac                ax32xx_lcdKick
                0x0202f1e4                ax32xx_lcdIRQHandler
                0x0202f354                ax32xx_lcdISRRegister
                0x0202f398                ax32xx_lcdReset
                0x0202f404                ax32xx_lcdMCUIOConfig
                0x0202f4e8                ax32xx_lcdRGBIOConfig
                0x0202f5cc                ax32xx_lcd_lsawbtooth
 .text          0x0202f6bc     0x1f20 ./Debug/mjpeg_ax32xx_mjpeg.c.o
                0x0202f6bc                ax32xx_mpegPrint
                0x0202fb38                ax32xx_mjpB_reset
                0x0202fba4                ax32xx_mjpegAIRQHandler
                0x0202fbf8                ax32xx_mjpeg_encode_check
                0x0202fd60                ax32xx_mjpB_employ
                0x0202fd8c                ax32xx_mjpB_dcdown_reg
                0x0202fdac                ax32xx_mjB_as_dcode
                0x0202fdd8                ax32xx_mjpegEA_ncodeISRRegister
                0x0202fdf8                ax32xx_mjpegEB_ncodeISRRegister
                0x0202fe18                ax32xx_mjpegEA_ncodeISR
                0x0202fe44                ax32xx_mjpegDecodeISRRegister
                0x0202fe64                ax32xx_mjpegEncodeBufferSet
                0x0202feb0                ax32xx_mjpegEncodeEnable
                0x0202ffa0                ax32xx_mjpegEncode_wifi_Enable
                0x02030090                ax32xx_mjpegEncodeSizeSet
                0x02030138                ax32xx_mjpegEncodeQuilitySet
                0x02030180                cal_jA_1s_size
                0x020301b0                ax32xx_mjpegEncodeQadj
                0x02030294                ax32xx_mjpegEncodeInfoSet
                0x020302dc                ax32xx_mjpegEncodeLoadAddrGet
                0x020302f8                ax32xx_mjpeg_inlinebuf_init
                0x02030314                ax32xx_mjpegEncodeInit
                0x0203054c                ax32xx_mjpeg_manual_on
                0x02030594                ax32xx_mjpeg_manual_stop
                0x020305b8                ax32xx_mjpegDecodeScalerCal
                0x02030688                ax32xx_mjpegDecodeSetSize
                0x020308ac                ax32xx_mjpegDecodeOutputSet
                0x020308c8                ax32xx_mjpegDecodeInputSet
                0x02030900                ax32xx_mjpegDecodeDriSet
                0x02030918                ax32xx_mjpegDecodeCompressSet
                0x02030930                ax32xx_mjpegDecodeInitTable
                0x02030988                ax32xx_mjpegDecodeInit
                0x02030b8c                ax32xx_mjpegDecodeDCTimeSet
                0x02030c2c                ax32xx_mjpegDecodeEnable
                0x02030ca8                ax32xx_mjpegDecodeKick
                0x02030d00                ax32xx_mjpegDecodeStop
                0x02030d3c                ax32xx_mjpegBIRQHandler
                0x02030e38                ax32xx_mjpegDecodeQDTCfg
                0x02030e98                ax32xx_mjpegDecodeStatus
                0x02030ecc                ax32xx_mjpegDecodeCheck
                0x02030efc                ax32xx_mjpegDecodeODma1Cfg
                0x02030f90                ax32xx_mjpB_Ctl_init
                0x02031244                ax32xx_mjpB_Linebuf_cfg
                0x02031260                ax32xx_mjpB_dma_cfg
                0x0203128c                ax32xx_mjpB_stop
                0x020312f4                ax32xx_mjpB_on
                0x02031340                ax32xx_mjpB_stop_2
                0x02031394                ax32xx_mjpegB_encode_check
                0x02031508                ax32xx_mjpB_on_2
                0x02031540                jpeg1_decode_check
 .text          0x020315dc        0x0 ./Debug/resource_user_icon.c.o
 .text          0x020315dc        0x0 ./Debug/resource_user_str.c.o
 .text          0x020315dc      0x154 ./Debug/src_hal_adc.c.o
                0x020315dc                hal_adcInit
                0x02031618                hal_adcRead
                0x02031644                hal_adcSetChannel
                0x02031690                hal_adcGetChannel
                0x020316cc                hal_adcGetChannel2
                0x02031710                hal_adcVDDRTCCalculate
 .text          0x02031730      0x140 ./Debug/src_hal_csi.c.o
                0x02031730                hal_csiMCLKSet
                0x02031750                hal_csiRegister
                0x02031784                hal_csiResolutionGet
                0x020317e0                hal_csiAdptGet
                0x02031800                hal_csi_SeninitGet
                0x02031820                hal_csiHalf720P_ResolutionGet
 .text          0x02031870      0x24c ./Debug/src_hal_dac.c.o
                0x020318b8                hal_dacInit
                0x02031910                hal_dacPlayStart
                0x020319bc                hal_dacPlayStop
                0x020319e8                hal_dacSetVolume
                0x02031a4c                hal_dacSetBuffer
                0x02031a70                hal_dacCallBackRegister
                0x02031a94                hal_dacHPSet
 .text          0x02031abc        0x0 ./Debug/src_hal_eeprom.c.o
 .text          0x02031abc      0x24c ./Debug/src_hal_gpio.c.o
                0x02031abc                hal_gpioInit
                0x02031b64                hal_gpioInit_io1d1
                0x02031c0c                hal_gpioEPullSet
                0x02031c68                hal_gpioWrite
                0x02031c90                hal_gpioRead
                0x02031cb4                hal_gpioIntInit
                0x02031cdc                hal_gpioLedInit
 .text          0x02031d08      0x64c ./Debug/src_hal_iic.c.o
                0x02031d08                hal_iic0Init
                0x02031d34                hal_iic0Uninit
                0x02031d54                hal_iic08bitAddrWriteData
                0x02031df0                hal_iic08bitAddrReadData
                0x02031ea8                hal_iic08bitAddrWrite
                0x02031f68                hal_iic08bitAddrRead
                0x0203203c                hal_iic016bitAddrWriteData
                0x020320e4                hal_iic016bitAddrReadData
                0x020321a8                hal_iic016bitAddrWrite
                0x02032274                hal_iic016bitAddrRead
 .text          0x02032354     0x1d4c ./Debug/src_hal_lcd.c.o
                0x02032664                hal_lcdSetBufYUV
                0x020326f8                hal_lcd_vde_cfg
                0x02032730                hal_lcd_gamma_cfg
                0x020328e4                usb_lcd_cfg
                0x02032b98                lcd_isp_config
                0x02032d5c                hal_lcdLCMPowerOff
                0x02032dd4                hal_lcdPreviewStop
                0x02032e20                hal_lcdSetShowingSize
                0x02032e38                hal_lcdSetRoate
                0x02032e50                hal_lcdDealBuffer
                0x02032f04                hal_lcdGetShowingBuffer
                0x02032f68                hal_lcdGetIdleBuffer
                0x02032fa8                hal_lcdPreviewStart
                0x020330ec                hal_lcdSetFrame
                0x02033114                vch_debug
                0x02033128                hal_lcdSetVCH
                0x02033200                hal_lcdUpdataVCH
                0x020332fc                hal_lcdSwitchFrame2
                0x0203357c                hal_lcdPreSetPIPEnable
                0x0203359c                hal_lcdSetPIPEnable
                0x020335d4                hal_lcdGetResolution
                0x02033658                hal_lcdGetOSDShowingResolution
                0x020336b4                hal_lcdGetOSDShowingPosition
                0x02033710                hal_lcdGetShowingRotate
                0x02033740                hal_lcdGetBufferResolution
                0x0203379c                hal_lcdGetVideoPos
                0x020337f8                deocode_done
                0x02033858                hal_lcd_get_next_frame
                0x02033908                lcd_struct_get
                0x02033928                hal_lcdFrameEndCallBack
                0x02033974                hal_lcdRegister
                0x0203401c                hal_lcd_lsawtooth
                0x0203403c                hal_lcdSetCsiCrop
 .text          0x020340a0      0x8a0 ./Debug/src_hal_osd.c.o
                0x020340a0                hal_osdSetflag
                0x020340c0                hal_osdGetIdleRotateBuffer
                0x020340e4                hal_osdGetIdleCmpBuffer
                0x02034108                hal_osdGetIdleDispBuffer
                0x0203412c                hal_osdBufferRelease
                0x02034154                hal_osdDealBuffer
                0x020341d4                hal_osdInit
                0x020344d0                hal_osdGetCurBuff
                0x0203452c                hal_osdGetFreeBuff
                0x02034590                hal_osdSetBuff
                0x02034620                hal_osdEnable
                0x020346c0                hal_osdSetAddr
                0x020346fc                hal_osdSetBuffer
                0x0203478c                hal_osdSetPosition
                0x020347d4                hal_osdSetPalette
                0x0203480c                hal_osdSetSize
                0x0203484c                hal_osdSetAlpha
                0x0203488c                hal_osdGetBufferResolution
                0x020348f0                hal_deSet_DE_CCM
                0x02034918                hal_deSet_DE_SAJ
 .text          0x02034940      0xc70 ./Debug/src_hal_rtc.c.o
                0x0203496c                hal_rtcCallBackRegister
                0x020349cc                hal_rtcCallBackRelease
                0x02034a08                hal_rtcUninit
                0x02034a44                hal_rtcTimeGet
                0x02034a60                hal_rtcTimeGetExt
                0x02034a94                hal_rtcSecondGet
                0x02034ab4                hal_rtcTime2String
                0x02034d68                hal_rtcTime2StringExt
                0x02034dcc                hal_rtcLeapYear
                0x02034fe8                hal_rtcTime
                0x020350fc                hal_rtcInit
                0x02035224                hal_rtcSecondSet
                0x02035260                hal_rtcValue
                0x02035370                hal_rtcTimeSet
                0x020353f8                hal_rtcAlarmSet
                0x02035488                hal_rtcAlarmSetExt
                0x0203552c                hal_rtcAlarmStatusGet
                0x02035568                hal_vddWKOEnable
                0x0203558c                hal_vddGSENEnable
 .text          0x020355b0      0xc24 ./Debug/src_hal_sd.c.o
                0x020355b0                hal_ClkSet1
                0x02035654                hal_sdStop
                0x02035920                hal_sdNextLBA
                0x02035940                hal_sdInit
                0x02035da0                hal_sdUninit
                0x02035dcc                hal_sdLock
                0x02035e0c                hal_sdUnlock
                0x02035e38                hal_sdCheck
                0x02035fdc                hal_sdSetCardState
                0x02035ffc                hal_sdGetCardState
                0x0203601c                hal_sdGetBusWidth
                0x0203603c                hal_sdCapacity
                0x0203605c                hal_sdExist
                0x02036084                hal_sdWrite
                0x02036124                hal_speed_callback
                0x02036154                hal_sdRead
 .text          0x020361d4      0xcdc ./Debug/src_hal_spi.c.o
                0x020361d4                hal_spiIOShare
                0x020361ec                hal_spiIOCheck
                0x02036200                hal_spiInit
                0x02036234                hal_spiSendByte
                0x02036258                hal_spiSend
                0x02036278                hal_spiRecvByte
                0x02036298                hal_spiRecv
                0x02036320                hal_spiCSConfig
                0x02036344                hal_spiFlashReadID
                0x020363a4                hal_spiFlashWriteEnable
                0x020363d8                hal_spiFlashWait
                0x0203645c                hal_spiFlashReadPage
                0x020364d4                hal_spiFlashRead
                0x0203659c                hal_spiFlashWritePage
                0x02036630                hal_spiFlashWrite
                0x020366cc                hal_spiFlashEraseSector
                0x02036738                hal_spiFlashEraseBlock
                0x0203679c                hal_spiFlashEraseChip
                0x020367d8                spi_udisk_jpg_num
                0x020367f8                spi_udisk_write_jpg
                0x02036a94                spi_udisk_del_jpg
                0x02036b58                spi_udisk_read_jpg_size
                0x02036b70                spi_udisk_read_jpg
                0x02036c24                spi_udisk_get_list_idx
                0x02036c8c                spi_udisk_format
                0x02036d58                spi_udisk_init
                0x02036e84                spi_udisk_jpg_free_num
 .text          0x02036eb0       0xd8 ./Debug/src_hal_timer.c.o
                0x02036eb0                hal_timerStart
                0x02036ed4                hal_timerStop
                0x02036ef8                hal_timerEnable
                0x02036f30                hal_timerTickEnable
                0x02036f68                hal_timerTickGet
 .text          0x02036f88      0x940 ./Debug/src_hal_uart.c.o
                0x02036fc0                hal_uart1IRQHandler
                0x02037088                hal_uartIOShare
                0x020370c8                hal_uartIOShareCheck
                0x02037110                Bt_Control_Led_OnOff
                0x02037184                hal_uart1SendData
                0x020371a8                hal_uartSendData
                0x020371cc                hal_uartRXIsrRegister
                0x020371ec                hal_uart1RXIsrRegister
                0x0203720c                uart_PutChar_n
                0x02037240                uart_PutStr
                0x02037280                uart_Put_hex
                0x020373ac                uart_Put_udec
                0x02037440                uart_Put_dec
                0x020374e8                uart_Printf
                0x0203762c                hal_uartInit
                0x02037688                uart_PrintfBuf
                0x02037720                hal_uartPrintString
                0x02037764                uart1Test
                0x02037890                hal_uart1Init
 .text          0x020378c8      0x6ac ./Debug/src_hal_watermark.c.o
                0x02037930                hal_watermarkInit
                0x020379e0                hal_watermarkClose
                0x02037a78                hal_watermarkClear
                0x02037af8                hal_watermarkOpen
                0x02037b98                hal_watermarkColor
                0x02037bec                hal_watermarkAddr
                0x02037c04                hal_watermarkSize
                0x02037c50                hal_watermarkPosition
                0x02037cbc                hal_watermarkCallbackRegister
                0x02037d04                hal_watermarkRam
                0x02037da4                hal_watermarkEnable
                0x02037f54                hal_watermarkBPos_Adjust
 .text          0x02037f74      0x568 ./Debug/src_hal_sys.c.o
                0x02037fbc                hal_sysInit
                0x020380d8                hal_sysMemPrint
                0x0203824c                hal_sysMemMallocExt
                0x0203837c                hal_sysMemFree
                0x02038470                hal_sysMemRemain
 .text          0x020384dc      0xb64 ./Debug/src_hal_auadc.c.o
                0x020384dc                _hal_auadcCallBackEnd
                0x020385d8                _hal_auadcCallBackHalf
                0x02038630                hal_audc_33ms_syncnt_clr
                0x0203865c                hal_audc_stamp_cal
                0x02038688                hal_audc_stamp_out
                0x020386dc                hal_audc_stamp_next
                0x02038738                hal_auadcCallBackEnd
                0x020387b4                hal_auadcInit
                0x020387fc                hal_auadcMemInit
                0x020388b0                hal_auadcMemUninit
                0x02038924                hal_auadc_cnt
                0x02038954                _hal_auadcStartForUAC
                0x02038a34                hal_auadcStartForWAV
                0x02038b2c                hal_auadcStartForAVI
                0x02038c50                hal_auadcBufferGet
                0x02038d30                hal_auadcBufferfree
                0x02038d5c                hal_auadcStop
                0x02038d84                hal_auadcBufferRelease
                0x02038dac                hal_auadcUACProcess
                0x02038e8c                hal_adcBuffer_prefull
                0x02038ef0                hal_adcBuffer_halffull
                0x02038f08                hal_adc_volume_set
                0x02038f28                hal_uac_send
                0x02038f8c                hal_auadcStartForUAC
 .text          0x02039040     0x3178 ./Debug/src_hal_mjpeg.c.o
                0x02039040                hal_mjpegStart
                0x02039070                hal_save_frame_isr
                0x020390f4                hal_mjpeg_manual_on
                0x02039278                hal_mjpegQualityCheck
                0x02039324                hal_mjpegCallback_state
                0x02039360                hal_mjpegCallback
                0x020395c8                hal_mjpeg_manual_fdown
                0x02039824                hal_jA_fcnt_get
                0x02039854                hal_mjpeg_mallocbuf
                0x02039874                hal_mjpegEncodeResolutionImageQuad
                0x020398fc                hal_mjpegSrcCSI
                0x02039a40                hal_mjpegSrcRam
                0x02039a54                hal_mjpegSrcColorBar
                0x02039adc                hal_Cut_SDR_SrcCSI
                0x02039bb0                hal_mjpegMemInit
                0x02039d2c                hal_mjpegMjpegReuseUninit
                0x02039d58                hal_mjpegEncode1Uninit
                0x02039d8c                hal_mjpegMemUninit
                0x02039e2c                hal_mjpegMemUninit1
                0x02039eb8                hal_mjpegEncodeInit
                0x02039f24                hal_mjpegEncodeUninit
                0x02039f74                hal_mjpegEncodeUninit1
                0x02039fc4                hal_mjpegPhotoUninit
                0x0203a050                hal_mjpegEncodeResolution
                0x0203a08c                hal_mjpegEncodeResolutionImage
                0x0203a108                hal_mjpegSizecalculate
                0x0203a130                hal_mjpeg_linebuf_switch
                0x0203a204                hal_mjpeg_manual_quad_fdown
                0x0203a2f8                hal_mjpeg_manual_quad_on
                0x0203a37c                hal_mjpeg_manual_get_csi_yuv_sta
                0x0203a39c                hal_mjpeg_manual_on_frame
                0x0203a404                hal_mjpegUVCStart
                0x0203a770                hal_mjpegGetJpegAddr
                0x0203a790                hal_mjpegPhotoStart
                0x0203abe8                hal_mjpegAVIStart
                0x0203afa8                hal_mjpeg_avi_crop
                0x0203b0f4                hal_mjpegRawDataGet
                0x0203b10c                hal_mjpegRawBuffer_prefull
                0x0203b17c                hal_mjpegRawBuffer_halffull
                0x0203b1ec                hal_mjpegRawBufferfree
                0x0203b214                hal_mjpegRawBufferGet
                0x0203b348                hal_mjpegRawDataSet
                0x0203b370                hal_mjpegHeaderParse
                0x0203ba7c                hal_mjpegDecodeGetResolution
                0x0203bac4                hal_mjpegDecodeSetResolution
                0x0203bae8                hal_mjpeglDecodeGetResolution
                0x0203bb20                hal_mjpeglDecodeSetResolution
                0x0203bb4c                hal_mjpegDecodeStatusCheck
                0x0203bb6c                hal_mjpegDecodeErrorCheck
                0x0203bb8c                hal_mjpegDecodeMiniSize
                0x0203bd10                hal_mjpegDecodeStop
                0x0203bd30                hal_mjpegDecodeReset
                0x0203bd5c                hal_mjpegDecodePicture
                0x0203bdcc                hal_mjpegDecodeNoIsr
                0x0203be38                hal_mjpg_scale_down
                0x0203bf54                hal_mjpegDecodeParse
                0x0203bf84                hal_mjpegDecodeOneFrame
                0x0203bfdc                hal_mjpegDecodeOneFrame_Ext
                0x0203c064                hal_mjpegDecodeRestart_Ext
                0x0203c0d0                hal_mjpegDecodeOneFrame_Fast
                0x0203c194                hal_mjpegDecodeODma1Cfg
 .text          0x0203c1b8       0x34 ./Debug/src_hal_int.c.o
                0x0203c1b8                hal_intInit
 .text          0x0203c1ec        0x0 ./Debug/src_hal_wdt.c.o
 .text          0x0203c1ec      0x4bc ./Debug/src_hal_stream.c.o
                0x0203c1ec                hal_streamInit
                0x0203c2e4                hal_streamMalloc
                0x0203c3cc                hal_streamIn_Drop
                0x0203c430                hal_streamIn
                0x0203c4cc                hal_streamOut
                0x0203c558                hal_streamOut_next
                0x0203c5e8                hal_streamfree
                0x0203c690                hal_stream_size
 .text          0x0203c6a8        0x0 ./Debug/src_hal_emi.c.o
 .text          0x0203c6a8      0x1a8 ./Debug/src_hal_osdcmp.c.o
                0x0203c720                hal_osdcmpStart
                0x0203c804                hal_osdcmpInit
                0x0203c82c                hal_osdcmpCompOneFrame
 .text          0x0203c850      0x318 ./Debug/src_hal_rotate.c.o
                0x0203c9e4                hal_rotateInit
                0x0203ca38                hal_rotateAdd
 .text          0x0203cb68      0xa7c ./Debug/src_hal_lcdframe.c.o
                0x0203cb68                hal_lcdAddrCalculate
                0x0203cc14                hal_dispframeInit
                0x0203d1f4                hal_dispframeVideoCfg
                0x0203d478                hal_dispframeMalloc
                0x0203d50c                hal_dispframeFree
                0x0203d598                hal_dispframeSetCallback
                0x0203d5b0                hal_dispframeGetFrameNums
 .text          0x0203d5e4      0xe20 ./Debug/src_hal_custom_yuv.c.o
                0x0203d830                hal_custom_frame_init
                0x0203d864                hal_custom_frame_create
                0x0203db90                hal_custom_frame_unit
                0x0203dc14                hal_custom_frame_add_enable
                0x0203dc5c                hal_custom_frame_add_lcd
                0x0203dce8                hal_custom_frame_add_mjpeg
                0x0203dd60                hal_custom_frame_add_Lmjpeg
                0x0203de00                hal_custom_frame_add_mjpeg2
                0x0203e0b4                hal_custom_frame_reset_sensor_szie
                0x0203e110                decodePic
 .text          0x0203e404      0x594 ./Debug/dusb_hal_usb_api.c.o
                0x0203e404                usb_bulk_tx
                0x0203e430                usb_bulk_rx
                0x0203e45c                hal_usbdReset
                0x0203e48c                usb_uvciso_kick
                0x0203e4bc                usb_uvciso_wait_txdown
                0x0203e4e0                usb_uaciso_kick
                0x0203e510                usb_uaciso_wait_txdown
                0x0203e534                uac_on
                0x0203e55c                uac_off
                0x0203e57c                usb_fun_reg
                0x0203e6d0                hal_usbdInit
                0x0203e710                hal_usbdUninit
                0x0203e750                hal_usbdEnable
                0x0203e778                hal_usbdUVCProcess
                0x0203e944                hal_usbdProcess
                0x0203e978                hal_usbdCheck
 .text          0x0203e998      0xf94 ./Debug/dusb_hal_usb_dev_enum.c.o
                0x0203e998                usb_ep0_tx
                0x0203ea18                usbdev_stack_init
                0x0203ea48                usbdev_rqu
                0x0203ea70                usbdev_reset
                0x0203ea9c                usb_bot_reset
                0x0203eae8                usb_check_faddr
                0x0203eb34                usb_ep0_clrrx_pkt0
                0x0203eb70                usb_stall_ep
                0x0203ebfc                usb_clear_ep
                0x0203ec78                usb_ep0_get_request
                0x0203ecc0                usb_ep0_transfer
                0x0203ed74                usb_ep0_receive
                0x0203edcc                usb_ep0_get_status
                0x0203eedc                usb_ep0_clr_feature
                0x0203ef54                usb_ep0_set_feature
                0x0203efc4                usb_ep0_set_address
                0x0203f058                usb_ep0_get_configuration
                0x0203f0ac                usb_ep0_set_configuration
                0x0203f128                usb_ep0_get_interface
                0x0203f170                uvc_ready
                0x0203f198                uac_ready