Archive member included because of file (symbol)

../bwlib\libMasfImage.a(masfImage.o)
                              ./Debug/main.c.o (masf_image_credit_check)
../bwlib\libMasfImage.a(masfprint.o)
                              ./Debug/printer_printer.c.o (print_density_set)
../bwlib\libMasfImage.a(aes.o)
                              ../bwlib\libMasfImage.a(masfImage.o) (AES_init_ctx_iv)
../bwlib\libOpenPrinter_S5.a(openPrinter.o)
                              ./Debug/printer_printer.c.o (open_printer_tm)
../bwlib\libOpenImage_S5.a(openImage.o)
                              ../bwlib\libOpenPrinter_S5.a(openPrinter.o) (open_image_contrast_auto_matrix)
../bwlib\libbtcom.a(btcom_buf.o)
                              ./Debug/printer_printer.c.o (Get_btdataBufManage)
../bwlib\libbtcom.a(btcom.o)  ./Debug/taskApp.c.o (btcomInit)
../bwlib\libbtcom.a(btcom_stream.o)
                              ./Debug/btcom_btcom_user.c.o (switch_data)
../bwlib\libbtcom.a(btcom_parser.o)
                              ../bwlib\libbtcom.a(btcom.o) (btcomParserInit)
../bwlib\libalgorithm.a(imageL_encode.o)
                              ./Debug/src_hal_mjpeg.c.o (hal_mjpeg_rev_buf_set)
../bwlib\libalgorithm.a(frame.o)
                              ./Debug/video_video_record.c.o (que_jrd)
../bwlib\libwatermark.a(image_watermark.o)
                              ./Debug/taskPhotoEncode.c.o (watermark_bmp2yuv_init)
../bwlib\libinterface.a(userInterface.o)
                              ./Debug/taskPhotoEncodeMsg.c.o (animationInit)
../bwlib\libmp3.a(mp3_decode_api.o)
                              ./Debug/taskAudioPlayer.c.o (mp3_dac_memInit)
../bwlib\libmp3.a(decoder.o)  ../bwlib\libmp3.a(mp3_decode_api.o) (mad_decoder_init)
../bwlib\libmp3.a(stream.o)   ../bwlib\libmp3.a(decoder.o) (mad_stream_init)
../bwlib\libmp3.a(synth.o)    ../bwlib\libmp3.a(decoder.o) (mad_synth_init)
../bwlib\libmp3.a(bit.o)      ../bwlib\libmp3.a(stream.o) (mad_bit_init)
../bwlib\libmp3.a(frame.o)    ../bwlib\libmp3.a(decoder.o) (mad_frame_finish)
../bwlib\libmp3.a(layer12.o)  ../bwlib\libmp3.a(frame.o) (mad_layer_I)
../bwlib\libmp3.a(timer.o)    ../bwlib\libmp3.a(frame.o) (mad_timer_set)
../bwlib\libmp3.a(layer3.o)   ../bwlib\libmp3.a(frame.o) (mad_layer_III)
../bwlib\libmp3.a(huffman.o)  ../bwlib\libmp3.a(layer3.o) (mad_huff_pair_table)
../bwlib\libsd.a(ax32xx_sd.o)
                              ./Debug/src_hal_sd.c.o (ax32xx_sd0Init)
../bwlib\libavi.a(aviEncoder.o)
                              ./Debug/video_video_record.c.o (aviEncodeInit)
../bwlib\libavi.a(encoder_std.o)
                              ../bwlib\libavi.a(aviEncoder.o) (avi_encoder_std)
../bwlib\libavi.a(encoder_odml.o)
                              ../bwlib\libavi.a(aviEncoder.o) (avi_odmlAddoffset)
../bwlib\libavi.a(aviDecoder.o)
                              ./Debug/video_video_playback.c.o (aviDecodeInit)
../bwlib\libavi.a(decoder_std.o)
                              ../bwlib\libavi.a(aviDecoder.o) (avi_standard)
../bwlib\libavi.a(decoder_odml.o)
                              ../bwlib\libavi.a(aviDecoder.o) (avi_opendml)
../bwlib\libfs.a(fs.o)        ./Debug/taskSysScanDevice.c.o (fs_nodeinit)
../bwlib\libfs.a(diskio.o)    ./Debug/main.c.o (fs_init)
../bwlib\libfs.a(ff.o)        ../bwlib\libfs.a(fs.o) (clst2sect)
../bwlib\libfs.a(ffunicode.o)
                              ../bwlib\libfs.a(ff.o) (ff_uni2oem)
C:/MinGW-4.7.1/or1k-elf/lib/no-delay\libc.a(lib_a-atoi.o)
                              ./Debug/config.c.o (atoi)
C:/MinGW-4.7.1/or1k-elf/lib/no-delay\libc.a(lib_a-memcmp.o)
                              ./Debug/src_minilzo.c.o (memcmp)
C:/MinGW-4.7.1/or1k-elf/lib/no-delay\libc.a(lib_a-memcpy.o)
                              ./Debug/resource_manager.c.o (memcpy)
C:/MinGW-4.7.1/or1k-elf/lib/no-delay\libc.a(lib_a-memmove.o)
                              ./Debug/game_tetris.c.o (memmove)
C:/MinGW-4.7.1/or1k-elf/lib/no-delay\libc.a(lib_a-memset.o)
                              ./Debug/main.c.o (memset)
C:/MinGW-4.7.1/or1k-elf/lib/no-delay\libc.a(lib_a-rand.o)
                              ./Debug/taskAudioPlayerMsg.c.o (rand)
C:/MinGW-4.7.1/or1k-elf/lib/no-delay\libc.a(lib_a-strcasecmp.o)
                              ./Debug/resource_manager.c.o (strcasecmp)
C:/MinGW-4.7.1/or1k-elf/lib/no-delay\libc.a(lib_a-strcat.o)
                              ./Debug/resource_manager.c.o (strcat)
C:/MinGW-4.7.1/or1k-elf/lib/no-delay\libc.a(lib_a-strchr.o)
                              ../bwlib\libfs.a(ff.o) (strchr)
C:/MinGW-4.7.1/or1k-elf/lib/no-delay\libc.a(lib_a-strcmp.o)
                              ./Debug/resource_manager.c.o (strcmp)
C:/MinGW-4.7.1/or1k-elf/lib/no-delay\libc.a(lib_a-strcpy.o)
                              ./Debug/resource_manager.c.o (strcpy)
C:/MinGW-4.7.1/or1k-elf/lib/no-delay\libc.a(lib_a-strlen.o)
                              ./Debug/resource_manager.c.o (strlen)
C:/MinGW-4.7.1/or1k-elf/lib/no-delay\libc.a(lib_a-strncmp.o)
[...]
Memory Configuration

Name             Origin             Length             Attributes
boot             0x01fffc00         0x00000200
ram_boot         0x00000000         0x00005000
ram_user         0x00000000         0x00005000
usbfifo          0x00008000         0x00001000
sdram            0x02000000         0x00400000
exsdram          0x00000000         0x00800000
*default*        0x00000000         0xffffffff

Linker script and memory map

LOAD ./Debug/ax32xx_reset.S.o
LOAD ./Debug/ax32xx_spi_boot_cfg.S.o
LOAD ./Debug/ax32xx_BLDRX32.S.o
LOAD ./Debug/main.c.o
LOAD ./Debug/resource_manager.c.o
LOAD ./Debug/upgrade.c.o
LOAD ./Debug/board.c.o
LOAD ./Debug/board_bwv1.c.o
LOAD ./Debug/config.c.o
LOAD ./Debug/display.c.o
LOAD ./Debug/explorer.c.o
LOAD ./Debug/filelist.c.o
LOAD ./Debug/font.c.o
LOAD ./Debug/icon.c.o
LOAD ./Debug/configGetValue.c.o
LOAD ./Debug/configSystem.c.o
LOAD ./Debug/logo.c.o
LOAD ./Debug/menuMovieRec.c.o
LOAD ./Debug/msgDeal.c.o
LOAD ./Debug/msgSysRecommend.c.o
LOAD ./Debug/msgSysUnshielded.c.o
LOAD ./Debug/taskManage.c.o
LOAD ./Debug/taskPhotoEncode.c.o
LOAD ./Debug/taskPhotoEncodeMsg.c.o
LOAD ./Debug/taskPlayBack.c.o
LOAD ./Debug/taskPlayBackMsg.c.o
LOAD ./Debug/taskPowerOff.c.o
LOAD ./Debug/taskSysScanDevice.c.o
LOAD ./Debug/taskUsbDevice.c.o
LOAD ./Debug/taskVideoRecord.c.o
LOAD ./Debug/taskVideoRecordMsg.c.o
LOAD ./Debug/toolFunc.c.o
LOAD ./Debug/uiAsternMsg.c.o
LOAD ./Debug/uiMenuDateTimeMsg.c.o
LOAD ./Debug/uiMenuDefaultMsg.c.o
LOAD ./Debug/uiMenuDelCurMsg.c.o
LOAD ./Debug/uiMenuFormatMsg.c.o
LOAD ./Debug/uiMenuItemMsg.c.o
LOAD ./Debug/uiMenuOptionMsg.c.o
LOAD ./Debug/uiNoFileMsg.c.o
LOAD ./Debug/uiTips1Msg.c.o
LOAD ./Debug/uiTipsMsg.c.o
LOAD ./Debug/uiWin.c.o
LOAD ./Debug/uiMenuVersionMsg.c.o
LOAD ./Debug/taskMainMenu.c.o
LOAD ./Debug/taskMainMenuMsg.c.o
LOAD ./Debug/taskGameMenu.c.o
LOAD ./Debug/taskGameMenuMsg.c.o
LOAD ./Debug/taskAudioPlayer.c.o
LOAD ./Debug/taskAudioPlayerMsg.c.o
LOAD ./Debug/game_block.c.o
LOAD ./Debug/game_snake.c.o
LOAD ./Debug/game_sokoban.c.o
LOAD ./Debug/game_tetris.c.o
LOAD ./Debug/taskGame.c.o
LOAD ./Debug/game_maze.c.o
LOAD ./Debug/taskSettingMenu.c.o
LOAD ./Debug/taskApp.c.o
LOAD ./Debug/taskAppMsg.c.o
LOAD ./Debug/uiMenuPrintDensityMsg.c.o
LOAD ./Debug/uiMenuUsbMsg.c.o
LOAD ./Debug/uiMenuUsbRes.c.o
LOAD ./Debug/xos_x_cpu.c.o
LOAD ./Debug/xos_xmbox.c.o
LOAD ./Debug/xos_xmsgq.c.o
LOAD ./Debug/xos_xos.c.o
LOAD ./Debug/xos_xwork.c.o
LOAD ./Debug/multimedia_user_media.c.o
LOAD ./Debug/multimedia_user_effect.c.o
LOAD ./Debug/sUI_dialog.c.o
LOAD ./Debug/sUI_frameWin.c.o
LOAD ./Debug/sUI_imageIcon.c.o
LOAD ./Debug/sUI_itemManage.c.o
LOAD ./Debug/sUI_menuItem.c.o
LOAD ./Debug/sUI_menuOption.c.o
LOAD ./Debug/sUI_progressBar.c.o
LOAD ./Debug/sUI_rect.c.o
LOAD ./Debug/sUI_stringIcon.c.o
LOAD ./Debug/sUI_uiAlloc.c.o
LOAD ./Debug/sUI_widget.c.o
LOAD ./Debug/sUI_winManage.c.o
LOAD ./Debug/sUI_memPool.c.o
LOAD ./Debug/sUI_widgetManage.c.o
LOAD ./Debug/src_ax32xx_int.c.o
LOAD ./Debug/src_ax32xx_sys.c.o
LOAD ./Debug/src_ax32xx_dma.c.o
LOAD ./Debug/src_ax32xx_wdt.c.o
LOAD ./Debug/src_ax32xx_gpio.c.o
LOAD ./Debug/src_ax32xx_uart.c.o
LOAD ./Debug/src_ax32xx_timer.c.o
LOAD ./Debug/src_ax32xx_tminf.c.o
LOAD ./Debug/src_ax32xx_spi.c.o
LOAD ./Debug/src_ax32xx_rtc.c.o
LOAD ./Debug/src_ax32xx_iic.c.o
LOAD ./Debug/src_ax32xx_dac.c.o
LOAD ./Debug/src_ax32xx_adc.c.o
LOAD ./Debug/src_ax32xx_auadc.c.o
LOAD ./Debug/src_ax32xx_isp.c.o
LOAD ./Debug/src_jpeg_table.c.o
LOAD ./Debug/src_ax32xx_usb.c.o
LOAD ./Debug/src_ax32xx_misc.c.o
LOAD ./Debug/src_ax32xx_pip.c.o
LOAD ./Debug/src_ax32xx_btuart.c.o
LOAD ./Debug/src_ax32xx_crc.c.o
LOAD ./Debug/src_ax32xx_emi.c.o
LOAD ./Debug/src_ax32xx_rotate.c.o
LOAD ./Debug/src_ax32xx_osdcmp.c.o
LOAD ./Debug/osd_ax32xx_osd.c.o
LOAD ./Debug/csi_ax32xx_csi.c.o
LOAD ./Debug/lcd_ax32xx_lcd.c.o
LOAD ./Debug/mjpeg_ax32xx_mjpeg.c.o
LOAD ./Debug/resource_user_icon.c.o
LOAD ./Debug/resource_user_str.c.o
LOAD ./Debug/src_hal_adc.c.o
LOAD ./Debug/src_hal_csi.c.o
LOAD ./Debug/src_hal_dac.c.o
LOAD ./Debug/src_hal_eeprom.c.o
LOAD ./Debug/src_hal_gpio.c.o
LOAD ./Debug/src_hal_iic.c.o
LOAD ./Debug/src_hal_lcd.c.o
LOAD ./Debug/src_hal_osd.c.o
LOAD ./Debug/src_hal_rtc.c.o
LOAD ./Debug/src_hal_sd.c.o
LOAD ./Debug/src_hal_spi.c.o
LOAD ./Debug/src_hal_timer.c.o
LOAD ./Debug/src_hal_uart.c.o
LOAD ./Debug/src_hal_watermark.c.o
LOAD ./Debug/src_hal_sys.c.o
LOAD ./Debug/src_hal_auadc.c.o
LOAD ./Debug/src_hal_mjpeg.c.o
LOAD ./Debug/src_hal_int.c.o
LOAD ./Debug/src_hal_wdt.c.o
LOAD ./Debug/src_hal_stream.c.o
LOAD ./Debug/src_hal_emi.c.o
LOAD ./Debug/src_hal_osdcmp.c.o
LOAD ./Debug/src_hal_rotate.c.o
LOAD ./Debug/src_hal_lcdframe.c.o
LOAD ./Debug/src_hal_custom_yuv.c.o
LOAD ./Debug/dusb_hal_usb_api.c.o
LOAD ./Debug/dusb_hal_usb_dev_enum.c.o
LOAD ./Debug/dusb_hal_usb_msc.c.o
LOAD ./Debug/dusb_hal_usb_uac.c.o
LOAD ./Debug/dusb_hal_usb_uvc.c.o
LOAD ./Debug/audio_audio_playback.c.o
LOAD ./Debug/audio_audio_record.c.o
LOAD ./Debug/audio_ring_buffer.c.o
LOAD ./Debug/video_video_playback.c.o
LOAD ./Debug/video_video_record.c.o
LOAD ./Debug/image_image_decode.c.o
LOAD ./Debug/wav_alaw.c.o
LOAD ./Debug/wav_imaadpcm.c.o
LOAD ./Debug/wav_pcm.c.o
LOAD ./Debug/wav_ulaw.c.o
LOAD ./Debug/wav_wav.c.o
LOAD ./Debug/stream_stream.c.o
LOAD ./Debug/btcom_btcom_user.c.o
LOAD ./Debug/unifont_ebook_font.c.o
LOAD ./Debug/unifont_ebook_port.c.o
LOAD ./Debug/cmos_sensor_cmos_sensor.c.o
LOAD ./Debug/cmos_sensor_SENSOR_BF2013.c.o
LOAD ./Debug/cmos_sensor_SENSOR_BF3016.c.o
LOAD ./Debug/cmos_sensor_SENSOR_BF3703.c.o
LOAD ./Debug/cmos_sensor_SENSOR_GC0307.c.o
LOAD ./Debug/cmos_sensor_SENSOR_GC0308.c.o
LOAD ./Debug/cmos_sensor_SENSOR_GC0309.c.o
LOAD ./Debug/cmos_sensor_SENSOR_GC0328.c.o
LOAD ./Debug/cmos_sensor_SENSOR_GC1004.c.o
LOAD ./Debug/cmos_sensor_SENSOR_H42.c.o
LOAD ./Debug/cmos_sensor_SENSOR_H7640.c.o
LOAD ./Debug/cmos_sensor_SENSOR_HM1055.c.o
LOAD ./Debug/cmos_sensor_SENSOR_IT03A1.c.o
LOAD ./Debug/cmos_sensor_SENSOR_NT99141.c.o
LOAD ./Debug/cmos_sensor_SENSOR_NT99142.c.o
LOAD ./Debug/cmos_sensor_SENSOR_OV7670.c.o
LOAD ./Debug/cmos_sensor_SENSOR_OV7725.c.o
LOAD ./Debug/cmos_sensor_SENSOR_OV9710.c.o
LOAD ./Debug/cmos_sensor_SENSOR_OV9732.c.o
LOAD ./Debug/cmos_sensor_SENSOR_SC1045.c.o
LOAD ./Debug/cmos_sensor_SENSOR_SIV100B.c.o
LOAD ./Debug/cmos_sensor_SENSOR_SIV120B.c.o
LOAD ./Debug/cmos_sensor_SENSOR_SIV121DS.c.o
LOAD ./Debug/cmos_sensor_SENSOR_SP1409.c.o
LOAD ./Debug/cmos_sensor_SENSOR_H62.c.o
LOAD ./Debug/cmos_sensor_SENSOR_GC1034.c.o
LOAD ./Debug/cmos_sensor_SENSOR_OV7736.c.o
LOAD ./Debug/cmos_sensor_SENSOR_SP140A.c.o
LOAD ./Debug/cmos_sensor_SENSOR_GC1054.c.o
LOAD ./Debug/cmos_sensor_SENSOR_GC1064.c.o
LOAD ./Debug/cmos_sensor_SENSOR_H63.c.o
LOAD ./Debug/cmos_sensor_SENSOR_GC1084.c.o
LOAD ./Debug/cmos_sensor_SENSOR_H63P.c.o
LOAD ./Debug/cmos_sensor_SENSOR_BF3a03after.c.o
LOAD ./Debug/cmos_sensor_SENSOR_BF3a03front.c.o
LOAD ./Debug/cmos_sensor_SENSOR_SC030IOT.c.o
LOAD ./Debug/cmos_sensor_SENSOR_BF20A6.c.o
LOAD ./Debug/tft_lcd_lcd_mcu_st7789.c.o
LOAD ./Debug/tft_lcd_lcd_rgb_jl_lcd.c.o
LOAD ./Debug/tft_lcd_lcd_rgb_st7282.c.o
LOAD ./Debug/tft_lcd_tft_lcd.c.o
LOAD ./Debug/tft_lcd_lcd_mcu_5420.c.o
LOAD ./Debug/tft_lcd_lcd_mcu_r61509v.c.o
LOAD ./Debug/tft_lcd_lcd_rgb_ili8961.c.o
LOAD ./Debug/tft_lcd_lcd_rgb_ili9342c.c.o
LOAD ./Debug/tft_lcd_lcd_mcu_ili9328.c.o
LOAD ./Debug/tft_lcd_lcd_mcu_hx8352b.c.o
LOAD ./Debug/tft_lcd_lcd_mcu_st7789v.c.o
LOAD ./Debug/tft_lcd_lcd_mcu_hx8352c.c.o
LOAD ./Debug/tft_lcd_lcd_mcu_hx8357b.c.o
LOAD ./Debug/tft_lcd_lcd_rgb_ili9806e.c.o
LOAD ./Debug/tft_lcd_lcd_rgb_ota5182.c.o
LOAD ./Debug/tft_lcd_lcd_rgb_st7701.c.o
LOAD ./Debug/tft_lcd_lcd_mcu_lgdp4532.c.o
LOAD ./Debug/tft_lcd_lcd_mcu_9225G.c.o
LOAD ./Debug/tft_lcd_lcd_mcu_st7789_666format.c.o
LOAD ./Debug/tft_lcd_lcd_mcu_ili9341.c.o
LOAD ./Debug/tft_lcd_lcd_mcu_nv3030a.c.o
LOAD ./Debug/tft_lcd_lcd_mcu_nv3030b.c.o
LOAD ./Debug/tft_lcd_lcd_mcu_r61505v.c.o
LOAD ./Debug/printer_printer.c.o
LOAD ./Debug/nvfs_nvfs.c.o
LOAD ./Debug/Maxlib_max_user.c.o
LOAD ./Debug/Maxlib_uiDraw.c.o
LOAD ./Debug/src_minilzo.c.o
LOAD ./Debug/std_misc.c.o
LOAD ./Debug/std_std_math.c.o
LOAD ./Debug/std_str.c.o
LOAD ./Debug/res_ascii.c.o
LOAD ./Debug/res_ascii_default.c.o
LOAD ./Debug/res_ascii_default_draw.c.o
LOAD ./Debug/res_R.c.o
LOAD ./Debug/res_R_icon.c.o
LOAD ./Debug/res_R_string.c.o
LOAD ./Debug/res_ascii_num3.c.o
LOAD ./Debug/res_ascii_num3_draw.c.o
LOAD ../bwlib\libMasfImage.a
LOAD ../bwlib\libOpenPrinter_S5.a
LOAD ../bwlib\libOpenImage_S5.a
LOAD ../bwlib\libbtcom.a
LOAD ../bwlib\libalgorithm.a
LOAD ../bwlib\libwatermark.a
LOAD ../bwlib\libinterface.a
LOAD ../bwlib\libmp3.a
LOAD ../bwlib\libsd.a
LOAD ../bwlib\libavi.a
LOAD ../bwlib\libfs.a
LOAD C:/MinGW-4.7.1/or1k-elf/lib/no-delay\libc.a
LOAD C:/MinGW-4.7.1/lib/gcc/or1k-elf/4.9.1/no-delay\libgcc.a

.bootsec        0x01fffc00      0x200 load address 0x00000000
 *(.bootsec)
 .bootsec       0x01fffc00      0x200 ./Debug/ax32xx_BLDRX32.S.o
                0x01fffc10                hex
                0x01fffc10                .hex
                0x01fffcbc                .bootsect

.exception      0x00000000     0x1ff8 load address 0x00000200
                0x00000000                _exception_vma = .
 *(.vector)
 .vector        0x00000000      0x3e8 ./Debug/ax32xx_reset.S.o
                0x0000031c                _start
                0x00000358                _step_in
                0x0000039c                _step_out
 *(.vector.text)
 .vector.text   0x000003e8     0x1a7c ./Debug/src_ax32xx_int.c.o
                0x0000053c                exception_delay
                0x00000564                _rtcRamWrite
                0x0000060c                _rtcRamRead
                0x000006c0                my_putchar
                0x00000720                exception_uart_puts
                0x00000734                exception_putword
                0x00000748                my_memset
                0x00000778                exception_init
                0x0000081c                ax32xx_vddrtcCalculate
                0x00000848                check_if_xosc_exist
                0x0000091c                psram_io_drive
                0x00000b40                tuneDataInit
                0x00000b80                setTuneDataBit32
                0x00000bc8                setTuneDataBit
                0x00000bf0                getTuneDataBit32
                0x00000c40                tuneDataReginMatch32
                0x00000d64                getTuneDataInfor
                0x00000e48                psram_rd_wr_test
                0x00000f0c                psram_tunning
                0x00001250                psram_init
                0x00001c24                exception
                0x00001e48                exception_trigger
 *(.vector.data)
 .vector.data   0x00001e64      0x100 ./Debug/ax32xx_reset.S.o
                0x00001e64                _step_data
 .vector.data   0x00001f64       0x94 ./Debug/src_ax32xx_int.c.o
                0x00001f64                tuneData
                0x00001fe8                sdr_tune_source
                0x00001fec                chip_vision

.ram            0x00002000     0x28e0 load address 0x00002200
                0x00002000                __sram_start = .
 *(.msk_var_use)
 *(.sdc_buf)
 .sdc_buf       0x00002000       0x40 ../bwlib\libsd.a(ax32xx_sd.o)
 *(.sram_comm)
 .sram_comm     0x00002040       0x60 ./Debug/xos_xmsgq.c.o
 .sram_comm     0x000020a0      0x280 ./Debug/src_ax32xx_isp.c.o
                0x000020a0                csi_stat
 .sram_comm     0x00002320     0x25c0 ./Debug/src_hal_sys.c.o
                0x00002320                ramuse
                0x000048e0                __sram_end = .

.fifo           0x00008000      0xce0
                0x00008000                __ufifo_start = .
 *(.sram_Usbfifo)
 .sram_Usbfifo  0x00008000      0xce0 ./Debug/src_hal_sys.c.o
                0x00008000                usbfifo
                0x00008ce0                __ufifo_end = .

.text           0x02000000    0x956b8 load address 0x00002200
                0x02000000                _text_start = .
 *(.text*)
 .text          0x02000000        0x0 ./Debug/ax32xx_reset.S.o
 .text          0x02000000        0x0 ./Debug/ax32xx_spi_boot_cfg.S.o
 .text          0x02000000        0x0 ./Debug/ax32xx_BLDRX32.S.o
 .text          0x02000000      0x59c ./Debug/main.c.o
                0x02000000                registerTask
                0x020000cc                app_resume_cam_set
                0x02000108                init
                0x02000534                systemService
                0x02000568                sendDrawUIMsg
 .text.startup  0x0200059c       0xd4 ./Debug/main.c.o
                0x0200059c                main
 .text          0x02000670     0x1e94 ./Debug/resource_manager.c.o
                0x020007ac                managerInit
                0x02000824                managerCreate
                0x020008fc                managerDestory
                0x02000974                managerFileCount
                0x02000a0c                managerFileCountEx
                0x02000a78                managerLockFile
                0x02000af0                managerLockFileExt
                0x02000b98                managerUnlockFileExt
                0x02000c44                managerCheckLock
                0x02000c80                managerCheckLockExt
                0x02000d08                managerFlush
                0x02000d74                managerDelFileByIndex
                0x02000e84                managerDelFileAll
                0x02000f68                managerScanStart
                0x02000fd0                managerScanEnd
                0x02001090                explorerListHook
                0x020010a8                managerNameChange
                0x020012a8                managerSpaceCheck
                0x0200166c                manangerCheckFileType
                0x020018cc                managerAddFile
                0x02001970                managerAddFileEx
                0x020019d0                managerRenameExt
                0x02001a70                managerRename
                0x02001b30                managerUnlockFile
                0x02001bf0                managerDelFileByName
                0x02001d4c                managerDelFileByFullName
                0x02001ecc                managerFileNameCreater
                0x020020e0                managerFileScan
                0x02002284                manangerGetFileFullPathName
                0x02002338                manangerGetFileName
                0x020023d0                manangerFindFileAndDel
                0x020024ac                getExtName
 .text          0x02002504      0x508 ./Debug/upgrade.c.o
                0x02002504                upgrade_led_control
                0x0200257c                upgrade_uiProgress
                0x020025bc                upgrade
 .text          0x02002a0c      0x310 ./Debug/board.c.o
                0x02002a0c                boardInit
                0x02002b34                boardOpen
                0x02002bd8                boardIoctrl
                0x02002c60                boardNameIoctrl
 .text          0x02002d1c      0xc54 ./Debug/board_bwv1.c.o
                0x020033d8                photo_cmos_init
                0x02003408                board_bat_lowest
                0x02003420                board_bat_valGet
                0x02003454                getCurBatteryADC
                0x02003474                getKeyADCvalue
                0x02003494                getKeyVal
                0x02003568                getKey
                0x020037f0                keyScanKey
 .text          0x02003970      0x398 ./Debug/config.c.o
                0x02003970                configCheckSumCal
                0x020039b4                userConfigSave
                0x02003a28                userConfigReset
                0x02003bd8                userConfigInitial
                0x02003c8c                configSet
                0x02003cc8                configGet
 .text          0x02003d08      0xe24 ./Debug/display.c.o
                0x02003d08                dispLayerPIPOnlyFront
                0x02003d78                dispLayerPIPOnlyBack
                0x02003df4                dispLayerPIPBakRightTop
                0x02003e94                dispLayerPIPFrtRightTop
                0x02003f18                dispLayerPIPFBHalf
                0x02003f9c                dispLayerPIPBFHalf
                0x02004020                dispLayerUninit
                0x0200407c                dispLayerGetResolution
                0x02004150                dispLayerSetResolution
                0x0200423c                dispLayerSetRotate
                0x02004270                dispRatioResolutionCalculate
                0x02004348                dispLayerSetRatio
                0x020043f8                dispLayerInit
                0x02004630                dispLayerShow
                0x02004674                dispLayerGetFrame
                0x020046bc                dispLayerGetFreeFrame
                0x020046fc                dispLayerFreeFrame
                0x02004774                dispLayerSetFrame
                0x020047c0                dispLayerSetPIPMode
                0x02004824                dispLayer_ABwin
                0x02004854                dispLayer_getABwin
                0x02004874                dispLayerSetFrontCrop
 .text          0x02004b2c        0x0 ./Debug/explorer.c.o
 .text          0x02004b2c      0xc9c ./Debug/filelist.c.o
 .text          0x020057c8      0x8ec ./Debug/font.c.o
                0x020059d8                fontInit
                0x02005aa0                fontSetLanguage
                0x02005b50                fontGetStringInfo
                0x02005c00                fontDrawString
                0x02005df0                resGetString
                0x02005f08                resGetChar
 .text          0x020060b4      0x270 ./Debug/icon.c.o
                0x020060b4                iconInit
                0x02006100                iconGetSize
                0x020061a4                iconGetData
                0x02006240                iconGetAddr
                0x020062b4                iconGetPalette
 .text          0x02006324      0x868 ./Debug/configGetValue.c.o
                0x02006324                configValue2Int
 .text          0x02006b8c      0x22c ./Debug/configSystem.c.o
                0x02006b8c                configLanguage
                0x02006c1c                configSys
                0x02006d7c                configSystem
 .text          0x02006db8      0x8ac ./Debug/logo.c.o
                0x02006e70                logo_image_show
                0x02006f68                jpg_decode_show
                0x02007050                system_audio_play
                0x0200728c                deamon_sound_play
                0x02007340                logo_music_show
                0x02007370                layout_logo_show
                0x02007468                layout_version_get
                0x020074ec                layout_keysound_load
                0x020075d0                layout_sound_load
 .text          0x02007664       0xb0 ./Debug/menuMovieRec.c.o
                0x02007664                menuProcDateTime
                0x02007690                menuProcFormat
                0x020076bc                menuProcDefault
                0x020076e8                menuProcVersion
 .text          0x02007714      0x360 ./Debug/msgDeal.c.o
                0x02007714                msgFuncRegister
                0x020077cc                unshieldedMsgFuncRegister
                0x02007848                msgDeal
                0x02007980                msgDealByType
                0x02007a18                msgDealByMsgInfor
 .text          0x02007a74       0x30 ./Debug/msgSysRecommend.c.o
 .text          0x02007aa4      0x648 ./Debug/msgSysUnshielded.c.o
 .text          0x020080ec      0x30c ./Debug/taskManage.c.o
                0x020080ec                taskInit
                0x02008160                taskInfor
                0x02008174                taskRegister
                0x020081ac                taskPrevious
                0x020081cc                taskCurrent
                0x020081ec                taskNext
                0x0200820c                taskStart
                0x0200828c                taskService
 .text          0x020083f8     0x1080 ./Debug/taskPhotoEncode.c.o
                0x020083f8                taskPhotoEncodeClose
                0x020084c4                taskPhotoEncodeService
                0x02008574                photoImagePreSizeGet
                0x02008780                taskPhotoEncodeOpen
                0x02008858                photo_animation_effect
                0x02008b7c                task_image_createfile
                0x02008c94                image_take_photo
                0x02008ebc                image_take_photo_to_sdram
                0x020092f0                image_take_photo_to_sdram2
 .text          0x02009478     0x26f8 ./Debug/taskPhotoEncodeMsg.c.o
                0x0200baf8                photoFocusIconCancel
 .text          0x0200bb70      0x7c0 ./Debug/taskPlayBack.c.o
                0x0200bb70                taskPlayBackClose
                0x0200bbac                video_playback_jpg_scale
                0x0200bd24                video_playback_start
                0x0200c1d8                taskPlayBackOpen
                0x0200c274                taskPlayBackService
 .text          0x0200c330     0x1f3c ./Debug/taskPlayBackMsg.c.o
                0x0200e160                playbackPlayTimeCancel
                0x0200e19c                backBrushBlack
 .text          0x0200e26c      0x238 ./Debug/taskPowerOff.c.o
                0x0200e26c                uninit
                0x0200e400                taskPowerOffOpen
 .text          0x0200e4a4      0xee4 ./Debug/taskSysScanDevice.c.o
                0x0200e4a4                timerMsgSend
                0x0200e548                setKeyEn
                0x0200e568                deamon_hall_check
                0x0200e600                deamon_astern_check
                0x0200e614                reflush_usensor_check
                0x0200e66c                setSoftwareDetachUsensor
                0x0200e68c                deamon_usb_check
                0x0200ea70                deamon_gsensor_check
                0x0200ea84                deamon_screen_save
                0x0200ebd4                deamon_key_check
                0x0200ecd8                deamon_auto_poweroff
                0x0200ee10                deamon_keysound_play
                0x0200ee54                deamon_fsFreeSize
                0x0200eec4                deamon_fs_scan
                0x0200f07c                deamon_sdc_check
                0x0200f270                taskSysScanDev
                0x0200f2f4                deamon_fsSizeModify
 .text          0x0200f388      0x494 ./Debug/taskUsbDevice.c.o
 .text          0x0200f81c      0xc74 ./Debug/taskVideoRecord.c.o
                0x0200f81c                taskVideoRecordeService
                0x0200f8ec                task_video_Get_Status
                0x0200f90c                video_record_start
                0x0200f9a4                task_record_stop
                0x0200fa28                taskVideoRecordeClose
                0x0200fb28                task_video_record_caltime
                0x0200fba4                video_record_callback
                0x02010238                taskVideoRecordeOpen
                0x020103cc                taskVideoRecTimeIncreace
                0x020103e0                videoCapturePhoto
 .text          0x02010490     0x10c8 ./Debug/taskVideoRecordMsg.c.o
                0x02011284                isLongTestMode
                0x020112ac                recordTimeCount1S
 .text          0x02011558       0xcc ./Debug/toolFunc.c.o
                0x02011558                intToString
 .text          0x02011624        0x0 ./Debug/uiAsternMsg.c.o
 .text          0x02011624      0x780 ./Debug/uiMenuDateTimeMsg.c.o
 .text          0x02011da4      0x428 ./Debug/uiMenuDefaultMsg.c.o
 .text          0x020121cc      0x7f8 ./Debug/uiMenuDelCurMsg.c.o
                0x020124a0                audioplayer_file_list_scan2
 .text          0x020129c4      0x580 ./Debug/uiMenuFormatMsg.c.o
 .text          0x02012f44      0x780 ./Debug/uiMenuItemMsg.c.o
                0x020136a4                menuIsOpen
 .text          0x020136c4      0x3dc ./Debug/uiMenuOptionMsg.c.o
 .text          0x02013aa0      0x270 ./Debug/uiNoFileMsg.c.o
 .text          0x02013d10      0x358 ./Debug/uiTips1Msg.c.o
 .text          0x02014068      0x30c ./Debug/uiTipsMsg.c.o
 .text          0x02014374      0x3bc ./Debug/uiWin.c.o
                0x02014374                dialogCB
                0x020144f8                uiParentDealMsg
                0x02014528                uiOpenWindow
                0x02014610                uiOpenWinAndShow
                0x02014700                windowIsOpen
 .text          0x02014730      0x1dc ./Debug/uiMenuVersionMsg.c.o
 .text          0x0201490c       0x64 ./Debug/taskMainMenu.c.o
                0x0201490c                taskMainMenuService
                0x02014920                taskMainMenuClose
                0x02014934                taskMainMenuOpen
 .text          0x02014970      0xb9c ./Debug/taskMainMenuMsg.c.o
 .text          0x0201550c       0x64 ./Debug/taskGameMenu.c.o
                0x0201550c                taskGameMenuService
                0x02015520                taskGameMenuClose
                0x02015534                taskGameMenuOpen
 .text          0x02015570      0xc84 ./Debug/taskGameMenuMsg.c.o
 .text          0x020161f4      0x274 ./Debug/taskAudioPlayer.c.o
                0x020161f4                taskAudioPlayerService
                0x02016240                uni2oem936_init
                0x020162cc                uni2oem936_uninit
                0x02016310                oem2uni936_init
                0x0201639c                taskAudioPlayerOpen
                0x020163f8                oem2uni936_uninit
                0x0201643c                taskAudioPlayerClose
 .text          0x02016468     0x1468 ./Debug/taskAudioPlayerMsg.c.o
 .text          0x020178d0     0x2450 ./Debug/game_block.c.o
                0x020178d0                game_cnt_down
                0x02017900                game_cnt_reinit
                0x02017920                game_cnt_over
                0x02017950                game_cnt_clear
                0x0201797c                effect_rand_get
                0x02017a04                power_up_rand_list_init
                0x02017aa4                block_cnt_init
                0x02017b08                rand_get
                0x02017b98                level_back_index_get
                0x02017bbc                block_map_init
                0x02017c1c                move_icon_universal_draw
                0x02017c8c                game_frame_buff_show_get
                0x02017cac                block_icon_draw
                0x02017d40                block_src_init_and_draw
                0x02017e00                block_map_draw
                0x02017ea8                game_boundary_init
                0x02017eec                game_block_level_init
                0x02017f28                life_icon_draw
                0x02018034                right_score_draw
                0x02018168                ball_icon_draw
                0x02018200                board_icon_draw
                0x02018248                power_up_item_icon_draw
                0x02018308                DrawMap_block
                0x02018350                power_up_item_init
                0x02018448                power_up_item_destroy
                0x020184b4                ball_init
                0x02018598                ball_item_destroy
                0x02018604                copy_ball_action
                0x02018680                ball_and_board_init
                0x02018720                board_and_ball_flash_init
                0x02018758                move_rule
                0x0201884c                game_boundary_hit_check
                0x020188f8                universal_hit_action
                0x0201892c                universal_hit_check
                0x02018c2c                board_hit_check
                0x02018d0c                block_hit_check
                0x02018e88                clear_block_effect
                0x02018fec                board_move
                0x020190a4                ball_move
                0x02019168                ball_fire_power_up
                0x020191d0                ball_multi_power_up
                0x0201925c                power_up_item_move
                0x02019350                power_up_move
                0x020193d0                move
                0x0201948c                pass_check
                0x020194e8                game_block_init
                0x0201953c                block_free_buf
                0x02019598                game_block_exit
                0x020195ec                flash_reinit
                0x020196c0                flash_init
                0x02019708                block_breaker_going_key_response
                0x020197c0                game_block_start
                0x02019884                block_breaker_going
                0x020199bc                block_breaker_level_pass
                0x02019a20                block_breaker_game_over_show
                0x02019a94                block_breaker_game_pause
                0x02019bc8                game_block_key_active
                0x02019c38                game_block_entry
 .text          0x02019d20      0xe30 ./Debug/game_snake.c.o
                0x02019d20                snake_get_buf
                0x02019d94                snake_put_buf
                0x02019dec                snake_init
                0x02019e98                rand_next
                0x02019f4c                createFood
                0x0201a030                creatMap
                0x0201a084                biteSelf
                0x0201a0dc                chet_endGamestatus
                0x0201a16c                detore_snake
                0x0201a1c0                snakeOSDDisplayBufGet
                0x0201a20c                snake_I80
                0x0201a304                snakeOSDDisplay
                0x0201a364                snake_frame_icon_draw
                0x0201a470                get_malloc
                0x0201a4a4                show_icon_rect
                0x0201a5ac                show_all
                0x0201a6e4                snakeMove
                0x0201a8f8                key_read
                0x0201a998                snake_main_init
                0x0201aa4c                game_snake_entry
 .text          0x0201ab50      0x738 ./Debug/game_sokoban.c.o
                0x0201ab50                Move
                0x0201acac                resultCheck
                0x0201ad44                map_init
                0x0201ad88                get_map_size
                0x0201ada0                man_init
                0x0201ae10                DataRead_CMode
                0x0201ae94                TXZ_show_icon_rect
                0x0201afa8                TXZ_show_one_rect
                0x0201afd4                DrawMap
                0x0201b04c                TXZ_show_all
                0x0201b084                get_game_map
                0x0201b14c                sokoban_init
                0x0201b1a8                game_sokoban_entry
 .text          0x0201b288      0xfe4 ./Debug/game_tetris.c.o
                0x0201b288                insertTetris
                0x0201b330                checkCollision_L
                0x0201b368                checkCollision_R
                0x0201b39c                checkCollision
                0x0201b43c                show_one_diamonds
                0x0201b4c4                printScore
                0x0201b694                printNextTetris
                0x0201b728                giveTetris
                0x0201b808                removeTetris
                0x0201b8c0                printCurrentTetris
                0x0201b9e0                setPoolColor
                0x0201ba94                rotateTetris
                0x0201bb38                checkErasing
                0x0201bcc8                printTetrisPool
                0x0201bd98                moveDownTetris
                0x0201be48                horzMoveTetris
                0x0201beec                keydownControl
                0x0201bfb4                endgame
                0x0201bfd0                restartGame
                0x0201c070                game_tetris_init
                0x0201c104                game_tetris_exit
                0x0201c148                game_tetris_entry
 .text          0x0201c26c     0x1a28 ./Debug/taskGame.c.o
                0x0201c26c                taskGameClose
                0x0201c3c0                gameInit
                0x0201c45c                gameGetKeyADCValue
                0x0201c4e4                game_key_judge
                0x0201c564                fps_count_reset
                0x0201c590                rand_int
                0x0201c5fc                get_game_base_buf
                0x0201c61c                get_game_show_buf
                0x0201c6f8                get_bin_data
                0x0201c788                frame_icon_draw
                0x0201c91c                game_OSD_str_draw
                0x0201cf8c                game_tips
                0x0201d470                game_over
                0x0201d568                gameExit
                0x0201d5dc                taskGameService
                0x0201d644                game_bk_draw
                0x0201d6f0                frame_buff_display
                0x0201d768                free_buf
                0x0201d790                game_audio_init
                0x0201d920                taskGameOpen
                0x0201d95c                game_audio_play
                0x0201db00                game_key_event
                0x0201dbd8                gameTickGenerator
 .text          0x0201dc94      0x5ac ./Debug/game_maze.c.o
                0x0201dc94                Move_maze
                0x0201de54                resultCheck_maze
                0x0201deb0                maze_map_set
                0x0201def0                get_map_maze_size
                0x0201df08                man_maze_init
                0x0201df38                maze_show_one_rect
                0x0201dffc                maze_DrawMap
                0x0201e074                maze_show_all
                0x0201e0ac                maze_map_init
                0x0201e0f4                maze_keypress
                0x0201e148                maze_init
                0x0201e190                game_maze_entry
 .text          0x0201e240       0xb8 ./Debug/taskSettingMenu.c.o
                0x0201e240                taskSettingMenuService
                0x0201e254                taskSettingMenuClose
                0x0201e290                taskSettingMenuOpen
 .text          0x0201e2f8      0x190 ./Debug/taskApp.c.o
                0x0201e380                taskAppOpen
                0x0201e3e8                taskAppService
                0x0201e41c                taskAppClose
 .text          0x0201e488      0x614 ./Debug/taskAppMsg.c.o
                0x0201ea74                GBKToHex
 .text          0x0201ea9c      0x558 ./Debug/uiMenuPrintDensityMsg.c.o
 .text          0x0201eff4      0x2fc ./Debug/uiMenuUsbMsg.c.o
 .text          0x0201f2f0        0x0 ./Debug/uiMenuUsbRes.c.o
 .text          0x0201f2f0        0x0 ./Debug/xos_x_cpu.c.o
 .text          0x0201f2f0      0x1b0 ./Debug/xos_xmbox.c.o
                0x0201f2f0                XMboxInit
                0x0201f330                XMboxCreate
                0x0201f3b8                XMboxDestory
                0x0201f3f0                XMboxPost
                0x0201f444                XMboxPend
 .text          0x0201f4a0      0x2e4 ./Debug/xos_xmsgq.c.o
                0x0201f4a0                XMsgQInit
                0x0201f4e0                XMsgQCreate
                0x0201f570                XMsgQDestory
                0x0201f5a8                XMsgQFlush
                0x0201f5e8                XMsgQPost
                0x0201f660                XMsgQPostFront
                0x0201f6dc                XMsgQPend
                0x0201f76c                XMsgQCheck
 .text          0x0201f784      0x12c ./Debug/xos_xos.c.o
                0x0201f784                XOSInit
                0x0201f7c4                XOSTickService
                0x0201f834                XOSTimeGet
                0x0201f854                XOSTimeDly
                0x0201f890                XOSRandom
 .text          0x0201f8b0      0x168 ./Debug/xos_xwork.c.o
                0x0201f8b0                XWorkInit
                0x0201f8f0                XWorkCreate
                0x0201f97c                XWorkDestory
                0x0201f9ac                XWorkService
 .text          0x0201fa18      0xa5c ./Debug/multimedia_user_media.c.o
                0x0201fa18                jpg_decode_buf
                0x0201fabc                jpg_buf_decode_buf
                0x0201fb60                yuv_rgb_table
                0x0201fb74                bmp24_to_yuv420_buf
                0x0201ff8c                yuv420_draw_buf
                0x02020174                yuv420_pencil_sketch
                0x02020188                yuv420_software_set_handle_frame
                0x020201a8                yuv420_software_get_handle_frame
                0x020201c8                yuv420_effect_handle
                0x02020400                get_random_addr
                0x0202041c                get_accredit_addr
                0x02020438                photo_effect_ctrl
 .text          0x02020474        0x0 ./Debug/multimedia_user_effect.c.o
 .text          0x02020474      0x168 ./Debug/sUI_dialog.c.o
                0x02020474                dialogCreate
                0x02020524                dialogItem
 .text          0x020205dc      0x22c ./Debug/sUI_frameWin.c.o
                0x02020734                frameWinCreate
                0x02020798                frameWinCreateIndirect
 .text          0x02020808      0x2b0 ./Debug/sUI_imageIcon.c.o
                0x02020990                imageIconCreate
                0x02020a3c                imageIconCreateIndirect
 .text          0x02020ab8     0x191c ./Debug/sUI_itemManage.c.o
                0x02020ab8                itemManageCreate
                0x02020b3c                itemManageCreateIndirect
                0x02020bb0                itemManageSetItemHeight
                0x02020d34                itemManageSetItemRowSumGap
                0x02020e3c                itemManageSetHeightAvgGap
                0x02020fb0                itemManageSetRowSum
                0x020210e4                itemManageSetColumnSum
                0x02021234                itemManageSetColumnSumWithGap
                0x020213b0                itemManageSetColumnMargin
                0x020214e0                itemManageCreateItem
                0x0202167c                itemManageSetResInforFuncEx
                0x020216d4                itemManageSetCurItem
                0x020219d0                itemManageUpdateRes
                0x02021a88                itemManageUpdateAllitem
                0x02021aec                itemManageUpdateCurItem
                0x02021c90                itemManageNextItem
                0x02021d00                itemManagePreItem
                0x02021d70                itemManageNextPage
                0x02021df4                itemManagePrePage
                0x02021e7c                itemManageGetCurrentItem
                0x02021ee0                itemManageSetCharInfor
                0x02021f98                itemManageSetSelectColor
                0x02022034                itemManageSetSelectImage
                0x020220d4                itemManageSetUnselectColor
                0x02022170                itemManageSetUnselectImage
                0x02022210                itemManageGetTouchInfor
 .text          0x020223d4      0x3d0 ./Debug/sUI_menuItem.c.o
                0x02022604                menuItemCreate
                0x020226ac                itemCreateMenuItem
 .text          0x020227a4      0x360 ./Debug/sUI_menuOption.c.o
                0x02022998                menuOptionCreate
                0x02022a3c                itemCreatemenuOption
 .text          0x02022b04      0x274 ./Debug/sUI_progressBar.c.o
                0x02022c7c                progressBarCreate
                0x02022d00                progressBarCreateIndirect
 .text          0x02022d78      0x234 ./Debug/sUI_rect.c.o
                0x02022eb4                rectCreate
                0x02022f38                rectCreateIndirect
 .text          0x02022fac      0x3b4 ./Debug/sUI_stringIcon.c.o
                0x020231f0                stringIconCreate
                0x020232ac                stringIconCreateIndirect
 .text          0x02023360      0x26c ./Debug/sUI_uiAlloc.c.o
                0x02023360                uiHeapInit
                0x02023398                uiAlloc
                0x02023490                uiFree
                0x02023590                uiHeapInfor
                0x020235b8                heapAllocTest
 .text          0x020235cc      0x11c ./Debug/sUI_widget.c.o
                0x020235cc                widgetProc
                0x02023618                widgetSetType
                0x02023648                widgetGetType
                0x0202367c                widgetGetId
                0x020236b4                widgetSetId
 .text          0x020236e8     0x1b48 ./Debug/sUI_winManage.c.o
                0x020236e8                winErrShow
                0x02023734                winSendMsg
                0x02023774                winSendMsgNoData
                0x0202379c                winSendMsgToParent
                0x020237cc                winSendMsgToParentNoData
                0x020237f4                winOverlapping
                0x02023858                winContain
                0x020238bc                winHasInvalidRect
                0x02023950                winFreeInvalidRect
                0x02023c4c                winCreate
                0x02024058                winDestroy
                0x020241c4                winGetTouchInfor
                0x020241f4                winTouch
                0x02024414                winSetbgColor
                0x02024448                winSetfgColor
                0x0202447c                winSetVisible
                0x02024500                winIsVisible
                0x0202453c                winSetResid
                0x0202456c                winSetItemSelResid
                0x0202459c                winSetStrInfor
                0x020245ec                resInforInit
                0x02024638                winSetSelectInfor
                0x02024668                winSetUnselectInfor
                0x02024698                winChangeNotify
                0x02024700                winDefaultProc
                0x02024adc                winResize
                0x02024c6c                winGetRelativePos
                0x02024cfc                winGetPos
                0x02024d40                winUpdate
                0x02024db0                winSetPorgressRate
                0x02024de0                winGetCurrent
                0x02024e00                winPaint
                0x02024f0c                winSetName
                0x02024f2c                winIntersection
                0x02024fe0                winUpdateAllResId
                0x02025044                winDestroyDeskTopChildWin
                0x020250b8                winInit
                0x020251a4                winUninit
 .text          0x02025230      0x174 ./Debug/sUI_memPool.c.o
                0x02025230                mempCreate
                0x02025298                mempGet
                0x020252f0                mempPut
                0x0202532c                mempInfor
 .text          0x020253a4      0x434 ./Debug/sUI_widgetManage.c.o
                0x020255f0                widgetManageCreate
                0x02025674                widgetManageCreateIndirect
                0x020256e4                widgetManageUpdateAll
                0x02025708                widgetManageUpdateCur
                0x0202572c                widgetManageNext
                0x02025750                widgetManagePre
                0x02025774                widgetManageSelect
                0x020257a8                widgetManageCurId
 .text          0x020257d8      0x3cc ./Debug/src_ax32xx_int.c.o
                0x020257d8                ax32xx_intHandler
                0x020257ec                fast_isr
                0x020258d4                slow_isr
                0x020259d0                ax32xx_intEnable
                0x02025a18                ax32xx_int_priority
                0x02025a60                ax32xx_intInit
 .text          0x02025ba4      0x9c4 ./Debug/src_ax32xx_sys.c.o
                0x02025ba4                ax32xx_sysCpuMsDelay
                0x02025be0                ax32xx_sysCpuNopDelay
                0x02025c08                ax32xx_sysDcacheInit
                0x02025c4c                ax32xx_sysIcacheInit
                0x02025c90                ax32xx_sysDcacheWback
                0x02025d0c                ax32xx_sysDcacheFlush
                0x02025d88                ax32xx_sysDcacheInvalid
                0x02025e04                ax32xx_sysSRAMClear
                0x02025e58                ax32xx_sysBSSClear
                0x02025ebc                ax32xx_sysLDOSet
                0x02025ffc                ax32xx_sysClkSet
                0x02026058                ax32xx_sysReset
                0x02026098                ax32xx_sys_dma_memdown
                0x020260fc                ax32xx_sys_dma_memkick
                0x020261c0                ax32xx_mcpy_gram2ufifo
                0x02026220                ax32xx_mcpy1_sdram2gram
                0x020262c4                ax32xx_mcpy1_sdram2gram_2
                0x02026324                ax32xx_sysInit
                0x020264a8                ax32xx_sysUninit
 .text          0x02026568      0x298 ./Debug/src_ax32xx_dma.c.o
                0x02026568                ax32xx_dmaNocCfg
                0x02026790                ax32xx_dmaNocDefault
                0x020267b8                ax32xx_dmaChannelEnable
 .text          0x02026800       0x80 ./Debug/src_ax32xx_wdt.c.o
                0x02026800                ax32xx_wdtEnable
                0x0202681c                ax32xx_wdtTimeSet
                0x02026830                ax32xx_wdtClear
                0x02026864                ax32xx_wdtReset
 .text          0x02026880      0xb08 ./Debug/src_ax32xx_gpio.c.o
                0x02026880                ax32xx_gpioSFRSet
                0x02026ac4                ax32xx_gpioDirSet
                0x02026b68                ax32xx_gpioPullSet
                0x02026c34                ax32xx_gpioDrvSet
                0x02026cc4                ax32xx_gpioDataSet
                0x02026d50                ax32xx_gpioDataGrounpSet
                0x02026dcc                ax32xx_gpioDataGet
                0x02026e50                ax32xx_gpioMapSet
                0x02026ee0                ax32xx_gpioDigitalSet
                0x02026f70                ax32xx_gpioHystersisSet
                0x02027000                ax32xx_gpioLedPull
                0x020270cc                ax32xx_gpioLedInit
                0x0202715c                ax32xx_gpioINTCheck
                0x02027194                ax32xx_gpioINTClear
                0x020271bc                ax32xx_gpioINTInit
                0x020272ec                ax32xx_gpioIRQHandler
 .text          0x02027388      0x394 ./Debug/src_ax32xx_uart.c.o
                0x02027388                ax32xx_uart0IRQHandler
                0x020273d8                ax32xx_uart0IOCfg
                0x0202746c                ax32xx_uart0Init
                0x020274fc                ax32xx_uart0SendByte
                0x0202753c                ax32xx_uart1IRQHandler
                0x02027598                ax32xx_uart1IOCfg
                0x02027678                ax32xx_uart1Init
                0x020276ec                ax32xx_uart1SendByte
 .text          0x0202771c      0xab8 ./Debug/src_ax32xx_timer.c.o
                0x0202771c                ax32xx_timer0IRQHandler
                0x02027760                ax32xx_timer1IRQHandler
                0x020277a4                ax32xx_timer2IRQHandler
                0x020277e8                ax32xx_timer3IRQHandler
                0x0202782c                ax32xx_timerISRRegister
                0x02027870                ax32xx_timerStart
                0x0202796c                ax32xx_timerStop
                0x02027a3c                ax32xx_timerEnable
                0x02027ac8                ax32xx_timerDisable
                0x02027b6c                ax32xx_timerTickStart
                0x02027ba0                ax32xx_timer3TickStart
                0x02027bd4                ax32xx_timerTickStop
                0x02027bf4                ax32xx_timer3TickStop
                0x02027c14                ax32xx_timerTickCount
                0x02027c30                ax32xx_timer3TickCount
                0x02027c4c                ax32xx_printTimerStart
                0x02027d14                ax32xx_timerPWMStart
                0x02028150                ax32xx_timerPWMStop
 .text          0x020281d4      0x53c ./Debug/src_ax32xx_tminf.c.o
                0x020281d4                ax32xx_mjpegATimeinfoEnable
                0x02028290                ax32xx_mjpegBTimeinfoEnable
                0x0202831c                ax32xx_mjpegATimeinfoColor
                0x02028368                ax32xx_mjpegBTimeinfoColor
                0x020283c4                ax32xx_mjpegATimeinfoSize
                0x02028438                ax32xx_mjpegBTimeinfoSize
                0x020284cc                ax32xx_mjpegATimeinfoPos
                0x02028540                ax32xx_mjpegBTimeinfoPos
                0x020285d4                ax32xx_mjpegATimeinfoAddr
                0x02028628                ax32xx_mjpegBTimeinfoAddr
                0x020286a4                ax32xx_recfg_mjpb_tminf
 .text          0x02028710      0x7f4 ./Debug/src_ax32xx_spi.c.o
                0x02028710                ax32xx_spi0Init
                0x02028930                ax32xx_spi0SendByte
                0x02028984                ax32xx_spi0RecvByte
                0x020289d8                ax32xx_spi0Send0
                0x02028a90                ax32xx_spi0Recv0
                0x02028b48                ax32xx_spi0CS0Config
                0x02028b8c                spi1_pin_config
                0x02028c5c                hal_spi1Init
                0x02028cd4                spi1_send_byte
                0x02028d44                spi1_receive_byte
                0x02028d8c                spi1_recevie_dma
                0x02028e24                spi1_send_dma
                0x02028ec0                spi1_enable
 .text          0x02028f04      0xc9c ./Debug/src_ax32xx_rtc.c.o
                0x02028f04                ax32xx_rtcWriteByte
                0x02028f54                ax32xx_rtcReadByte
                0x02028fb8                ax32xx_rtcRamRead
                0x02029054                ax32xx_rtcRamWrite
                0x020290f0                ax32xx_rtcDataRead
                0x02029178                ax32xx_rtcDataWrite
                0x02029200                ax32xx_rtcInit
                0x020293d8                ax32xx_rtcIRQHandler
                0x02029490                ax32xx_rtcSencodEnable
                0x0202950c                ax32xx_rtcAlamEnable
                0x020295f4                ax32xx_rtcAlamSet
                0x0202963c                ax32xx_rtcGet
                0x02029690                ax32xx_rtcSet
                0x020296d8                ax32xx_WKOEnable
                0x02029734                ax32xx_VDDGSENEnable
                0x020297a4                ax32xx_WKI0InputEnable
                0x02029814                ax32xx_WKI1InputEnable
                0x02029884                ax32xx_WKI1Read
                0x020298a8                ax32xx_WKI0Read
                0x020298cc                ax32xx_WKI1WakeupEnable
                0x02029a34                ax32xx_WKI1WakeupTriger
                0x02029a84                ax32xx_WKI1CleanPending
                0x02029ac0                ax32xx_rtcBatDecEnable
                0x02029b30                ax32xx_rtcSenHVEnable
 .text          0x02029ba0      0x8f0 ./Debug/src_ax32xx_iic.c.o
                0x02029c58                software_iic_sdaout
                0x02029c8c                software_iic_sdain
                0x02029cc0                software_iic_sda_set
                0x02029cec                software_iic_scl_set
                0x02029d18                software_iic_sda_get
                0x02029d40                software_iic_init
                0x02029d70                software_iic_start
                0x02029de8                software_iic_stop
                0x02029e60                software_iic_wait_ack
                0x02029f18                ax32xx_iic0Init
                0x02029fd8                ax32xx_iic0Uninit
                0x0202a06c                ax32xx_iic0Start
                0x0202a088                ax32xx_iic0Stop
                0x0202a0c8                ax32xx_iic0RecvACK
                0x0202a0f0                ax32xx_iic0SendACK
                0x0202a114                ax32xx_iic0SendByte
                0x0202a164                ax32xx_iic0RecvByte
                0x0202a1b8                ax32xx_iic1Init
                0x0202a278                ax32xx_iic1Uninit
                0x0202a2dc                ax32xx_iic1Start
                0x0202a2f8                ax32xx_iic1Stop
                0x0202a358                ax32xx_iic1RecvACK
                0x0202a380                ax32xx_iic1SendACK
                0x0202a3a4                ax32xx_iic1SendByte
                0x0202a414                ax32xx_iic1RecvByte
 .text          0x0202a490      0x66c ./Debug/src_ax32xx_dac.c.o
                0x0202a4d0                ax32xx_dacIRQHandler
                0x0202a5a4                ax32xx_dacSampleRateSet
                0x0202a614                ax32xx_dacEnable
                0x0202a698                ax32xx_dacVolumeSet
                0x0202a710                ax32xx_dacBufferSet
                0x0202a730                ax32xx_dacBufferFlush
                0x0202a750                ax32xx_dacReset
                0x0202a774                ax32xx_dacStart
                0x0202a7f0                ax32xx_dacStop
                0x0202a820                ax32xx_dacISRRegister
                0x0202a840                ax32xx_dacHPSet
                0x0202a8d4                eq_coeff_init
                0x0202a944                eq_gain_init
                0x0202a9b4                ax32xx_dacInit
 .text          0x0202aafc      0x154 ./Debug/src_ax32xx_adc.c.o
                0x0202aafc                ax32xx_adcEnable
                0x0202ab64                ax32xx_adcSetBaudrate
                0x0202ab94                ax32xx_adcConverStart
                0x0202abb8                ax32xx_adcRead
                0x0202ac10                ax32xx_adcRead2
 .text          0x0202ac50      0x4d0 ./Debug/src_ax32xx_auadc.c.o
                0x0202ac50                ax32xx_auadcIRQHandler
                0x0202ace0                ax32xx_auadcHalfIRQRegister
                0x0202ad00                ax32xx_auadcEndIRQRegister
                0x0202ad20                ax32xx_auadcEnable
                0x0202ae18                ax32xx_auadcAGCEnable
                0x0202aea8                ax32xx_auadcGainSet
                0x0202af24                ax32xx_auadcBufferSet
                0x0202af84                ax32xx_auadcInit
                0x0202b028                ax32xx_auadcSetSampleSet
                0x0202b10c                agc_gain_mnt
 .text          0x0202b120       0x3c ./Debug/src_ax32xx_isp.c.o
                0x0202b120                ax32xx_ispModeSet
 .text          0x0202b15c      0x298 ./Debug/src_jpeg_table.c.o
                0x0202b15c                jpegA_table_init
                0x0202b2d8                ax32xx_mjpB_tab_init
 .text          0x0202b3f4      0xd70 ./Debug/src_ax32xx_usb.c.o
                0x0202b3f4                _usb_bulk_tx
                0x0202b530                _usb_bulk_rx
                0x0202b63c                _usb_iso_kick
                0x0202b72c                _iso_wait_txdown
                0x0202b79c                usb_iso_tx
                0x0202b89c                usb_burst_reset
                0x0202b8e8                usb_host_reset
                0x0202b934                usb_phyreset_as_typeb
                0x0202ba7c                usb_phyreset_as_typea
                0x0202bbc8                usb_insert
                0x0202bbdc                usb_check_hal
                0x0202bbf0                get_u32softcnt
                0x0202bc10                ax32xx_usbIRQHanlder
                0x0202bd04                ax32xx_usbCallbackRegister
                0x0202bd40                ax32xx_usb_hostIRQHanlder
                0x0202bd54                usb_device_check
                0x0202be1c                ax32xx_usbPhyPllEnable
                0x0202bec4                usb11_registers_write
                0x0202bef0                usb11_registers_read
                0x0202bf28                usb_memcpy
                0x0202bf9c                usb_phyreset_as_typea11
                0x0202bfb0                usb11_host_reset
                0x0202bfc4                ax32xx_usb11_hostIRQHanlder
                0x0202bfd8                usb20_host_check
                0x0202c0a0                usb11HostCheckNoWait
                0x0202c0b8                usb11_host_check
                0x0202c0d0                usb20_phyreset_as_filter
 .text          0x0202c164      0x210 ./Debug/src_ax32xx_misc.c.o
                0x0202c164                str_seek
                0x0202c1d0                dec_num2str
                0x0202c210                char_2_hex
                0x0202c264                data_check
                0x0202c2a4                pointer_check
                0x0202c2c8                half_word_memcpy
                0x0202c300                word_memcpy
                0x0202c338                word_reg_memcpy
 .text          0x0202c374      0x14c ./Debug/src_ax32xx_pip.c.o
                0x0202c374                ax32xx_pipConfig
                0x0202c3f0                ax32xx_pipEnable
                0x0202c434                ax32xx_pipCounterReset
                0x0202c474                ax32xx_pipGetTopLayer
                0x0202c498                ax32xx_pipGetBotLayer
 .text          0x0202c4c0        0x0 ./Debug/src_ax32xx_btuart.c.o
 .text          0x0202c4c0        0x0 ./Debug/src_ax32xx_crc.c.o
 .text          0x0202c4c0      0x26c ./Debug/src_ax32xx_emi.c.o
                0x0202c4c0                ax32xx_emiInit
                0x0202c5fc                ax32xx_emiISRRegister
                0x0202c630                ax32xx_emiIRQHandler
                0x0202c68c                ax32xx_emiKick
                0x0202c6e8                ax32xx_emiCheckBusy
                0x0202c708                ax32xx_emiCheckRXError
 .text          0x0202c72c      0x278 ./Debug/src_ax32xx_rotate.c.o
                0x0202c72c                ax32xx_rotateISRRegiser
                0x0202c74c                ax32xx_rotateCheckBusy
                0x0202c76c                ax32xx_rotateReset
                0x0202c7b8                ax32xx_rotateStart
                0x0202c8d0                ax32xx_rotateWaitFrameDone
                0x0202c924                ax32xx_rotateIRQHandler
                0x0202c974                ax32xx_rotateGetSrcYAddr
 .text          0x0202c9a4      0x370 ./Debug/src_ax32xx_osdcmp.c.o
                0x0202c9a4                ax32xx_osdcmpISRRegiser
                0x0202c9c4                ax32xx_osdcmpCheckBusy
                0x0202c9e8                ax32xx_osdcmpReset
                0x0202ca34                ax32xx_osdcmpGetCompSize
                0x0202ca54                ax32xx_osdcmpKick
                0x0202cb28                ax32xx_osdcmpWaitFrameDone
                0x0202cbc0                ax32xx_osdcmpCompOneFrame
                0x0202ccc8                ax32xx_osdcmpIRQHandler
 .text          0x0202cd14      0xd68 ./Debug/osd_ax32xx_osd.c.o
                0x0202cd14                ax32xx_deWait
                0x0202cd70                ax32xx_deUpdate
                0x0202cd94                ax32xx_deGetUpdateStatus
                0x0202cdb8                ax32xx_deIRQHandler
                0x0202ce18                ax32xx_deISRRegister
                0x0202ce38                ax32xx_deInit
                0x0202ceb4                ax32xx_deSetBackground
                0x0202cee8                ax32xx_deSetCSC
                0x0202cf34                ax32xx_videoSetDither
                0x0202cfd4                ax32xx_videoSetScale
                0x0202d020                ax32xx_videoSetScaleLine
                0x0202d090                ax32xx_videoSetScanMode
                0x0202d0dc                ax32xx_videoGetYAddr
                0x0202d10c                ax32xx_videoGetUVAddr
                0x0202d13c                ax32xx_videoSetAddr
                0x0202d158                ax32xx_videoSetStride
                0x0202d17c                ax32xx_videoSetSize
                0x0202d1b4                ax32xx_videoSetPosition
                0x0202d1dc                ax32xx_videoCopyCfg
                0x0202d244                ax32xx_videoEnable
                0x0202d288                ax32xx_degamma_cfg
                0x0202d2a8                ax32xx_videoGammaRed
                0x0202d2ec                ax32xx_videoGammaGreen
                0x0202d330                ax32xx_videoGammaBlue
                0x0202d374                ax32xx_deSetGAMA
                0x0202d3f8                ax32xx_deSet_DE_CCM
                0x0202d4e0                ax32xx_deSet_DE_SAJ
                0x0202d54c                ax32xx_videoGammaEnable
                0x0202d590                ax32xx_osdEnable
                0x0202d5fc                ax32xx_osdSetSize
                0x0202d650                ax32xx_osdSetPosition
                0x0202d6a4                ax32xx_osdSetPalette
                0x0202d6ec                ax32xx_osdSetAddr
                0x0202d7a8                ax32xx_osdGetAddr
                0x0202d7f8                ax32xx_osdSetAlpha
                0x0202d864                ax32xx_osdSetUpscaler
                0x0202da2c                ax32xx_osdEncodeOneCode
 .text          0x0202da7c      0xf88 ./Debug/csi_ax32xx_csi.c.o
                0x0202da7c                hal_csi_fcnt_get
                0x0202daac                ax32xx_csiIRQHandler
                0x0202dc84                ax32xx_csiISRRegiser
                0x0202dcc0                ax32xx_csiMJPEGFrameSet
                0x0202dd30                ax32xx_csiMjpegFrameSwitch
                0x0202dd4c                ax32xx_csihv_tomjpg_Switch
                0x0202dd68                ax32xx_csihv_tomjp_dma_cfg
                0x0202ddf4                ax32xx_csi_only_FrameSet
                0x0202de14                ax32xx_csiYUVFrameSet
                0x0202de28                ax32xx_csiIOConfig
                0x0202de80                ax32xx_csiInit
                0x0202deac                ax32xx_csiMclkSet
                0x0202df70                ax32xx_csi_set_mclk_free
                0x0202dfb8                ax32xx_csiSyncSet
                0x0202e01c                ax32xx_csiPrioritySet
                0x0202e060                ax32xx_csiTypeSet
                0x0202e0cc                ax32xx_csiModeSet
                0x0202e108                ax32xx_pclk_fir_Set
                0x0202e170                ax32xx_pclk_analog_Set
                0x0202e1c0                ax32xx_pclk_inv_Set
                0x0202e204                ax32xx_csi_clk_tun_Set
                0x0202e24c                ax32xx_csiSizeSet
                0x0202e284                ax32xx_csiInputAddrSet
                0x0202e29c                ax32xx_csiTestModeSet
                0x0202e304                ax32xx_csiDvpClkDivSet
                0x0202e34c                ax32xx_csiLCDFrameSet
                0x0202e378                ax32xx_csiLCDDmaEnable
                0x0202e414                ax32xx_csiLCDDmaKick
                0x0202e458                ax32xx_csiLCDScaler
                0x0202e62c                ax32xx_csiScaler
                0x0202e7ac                ax32xx_hvScaler
                0x0202e8e0                ax32xx_csiScalerCheck
                0x0202e908                ax32xx_csiOutputSet
                0x0202e944                ax32xx_csiEnable
                0x0202e9d4                ax32xx_csiIOConfigUinit
 .text          0x0202ea04      0xd70 ./Debug/lcd_ax32xx_lcd.c.o
                0x0202ea04                ax32xx_lcdSPIMode
                0x0202ea30                ax32xx_lcdSPIInit
                0x0202eae0                ax32xx_lcdSPIUninit
                0x0202eb1c                ax32xx_lcdSPISendData
                0x0202ec90                ax32xx_lcdMcuSendCmd
                0x0202ecf4                ax32xx_lcdMcuSendData
                0x0202ed48                ax32xx_lcdMcuSendCmd16
                0x0202edcc                ax32xx_lcdMcuSendData16
                0x0202ee50                ax32xx_lcdInit
                0x0202ee9c                ax32xx_lcdIRQEnable
                0x0202eee4                ax32xx_lcdPreLineSet
                0x0202ef00                ax32xx_lcdSignalSet
                0x0202ef98                ax32xx_lcdBusWidth
                0x0202efec                ax32xx_lcdBusEnable
                0x0202f03c                ax32xx_lcdClkSet
                0x0202f05c                ax32xx_lcdSyncSet
                0x0202f080                ax32xx_lcdDESignalSet
                0x0202f0a4                ax32xx_lcdPositionSet
                0x0202f0c0                ax32xx_lcdResolutionSet
                0x0202f0dc                ax32xx_lcdWindowSizeSet
                0x0202f0f8                ax32xx_lcdDataModeSet
                0x0202f13c                ax32xx_lcdClkNumberSet
                0x0202f154                ax32xx_lcdEndLineSet
                0x0202f170                ax32xx_lcdPanelMode
                0x0202f1b8                ax32xx_lcdEnable
                0x0202f21c                ax32xx_lcdTeMode
                0x0202f264                ax32xx_lcdKick
                0x0202f29c                ax32xx_lcdIRQHandler
                0x0202f40c                ax32xx_lcdISRRegister
                0x0202f450                ax32xx_lcdReset
                0x0202f4bc                ax32xx_lcdMCUIOConfig
                0x0202f5a0                ax32xx_lcdRGBIOConfig
                0x0202f684                ax32xx_lcd_lsawbtooth
 .text          0x0202f774     0x1f20 ./Debug/mjpeg_ax32xx_mjpeg.c.o
                0x0202f774                ax32xx_mpegPrint
                0x0202fbf0                ax32xx_mjpB_reset
                0x0202fc5c                ax32xx_mjpegAIRQHandler
                0x0202fcb0                ax32xx_mjpeg_encode_check
                0x0202fe18                ax32xx_mjpB_employ
                0x0202fe44                ax32xx_mjpB_dcdown_reg
                0x0202fe64                ax32xx_mjB_as_dcode
                0x0202fe90                ax32xx_mjpegEA_ncodeISRRegister
                0x0202feb0                ax32xx_mjpegEB_ncodeISRRegister
                0x0202fed0                ax32xx_mjpegEA_ncodeISR
                0x0202fefc                ax32xx_mjpegDecodeISRRegister
                0x0202ff1c                ax32xx_mjpegEncodeBufferSet
                0x0202ff68                ax32xx_mjpegEncodeEnable
                0x02030058                ax32xx_mjpegEncode_wifi_Enable
                0x02030148                ax32xx_mjpegEncodeSizeSet
                0x020301f0                ax32xx_mjpegEncodeQuilitySet
                0x02030238                cal_jA_1s_size
                0x02030268                ax32xx_mjpegEncodeQadj
                0x0203034c                ax32xx_mjpegEncodeInfoSet
                0x02030394                ax32xx_mjpegEncodeLoadAddrGet
                0x020303b0                ax32xx_mjpeg_inlinebuf_init
                0x020303cc                ax32xx_mjpegEncodeInit
                0x02030604                ax32xx_mjpeg_manual_on
                0x0203064c                ax32xx_mjpeg_manual_stop
                0x02030670                ax32xx_mjpegDecodeScalerCal
                0x02030740                ax32xx_mjpegDecodeSetSize
                0x02030964                ax32xx_mjpegDecodeOutputSet
                0x02030980                ax32xx_mjpegDecodeInputSet
                0x020309b8                ax32xx_mjpegDecodeDriSet
                0x020309d0                ax32xx_mjpegDecodeCompressSet
                0x020309e8                ax32xx_mjpegDecodeInitTable
                0x02030a40                ax32xx_mjpegDecodeInit
                0x02030c44                ax32xx_mjpegDecodeDCTimeSet
                0x02030ce4                ax32xx_mjpegDecodeEnable
                0x02030d60                ax32xx_mjpegDecodeKick
                0x02030db8                ax32xx_mjpegDecodeStop
                0x02030df4                ax32xx_mjpegBIRQHandler
                0x02030ef0                ax32xx_mjpegDecodeQDTCfg
                0x02030f50                ax32xx_mjpegDecodeStatus
                0x02030f84                ax32xx_mjpegDecodeCheck
                0x02030fb4                ax32xx_mjpegDecodeODma1Cfg
                0x02031048                ax32xx_mjpB_Ctl_init
                0x020312fc                ax32xx_mjpB_Linebuf_cfg
                0x02031318                ax32xx_mjpB_dma_cfg
                0x02031344                ax32xx_mjpB_stop
                0x020313ac                ax32xx_mjpB_on
                0x020313f8                ax32xx_mjpB_stop_2
                0x0203144c                ax32xx_mjpegB_encode_check
                0x020315c0                ax32xx_mjpB_on_2
                0x020315f8                jpeg1_decode_check
 .text          0x02031694        0x0 ./Debug/resource_user_icon.c.o
 .text          0x02031694        0x0 ./Debug/resource_user_str.c.o
 .text          0x02031694      0x154 ./Debug/src_hal_adc.c.o
                0x02031694                hal_adcInit
                0x020316d0                hal_adcRead
                0x020316fc                hal_adcSetChannel
                0x02031748                hal_adcGetChannel
                0x02031784                hal_adcGetChannel2
                0x020317c8                hal_adcVDDRTCCalculate
 .text          0x020317e8      0x140 ./Debug/src_hal_csi.c.o
                0x020317e8                hal_csiMCLKSet
                0x02031808                hal_csiRegister
                0x0203183c                hal_csiResolutionGet
                0x02031898                hal_csiAdptGet
                0x020318b8                hal_csi_SeninitGet
                0x020318d8                hal_csiHalf720P_ResolutionGet
 .text          0x02031928      0x24c ./Debug/src_hal_dac.c.o
                0x02031970                hal_dacInit
                0x020319c8                hal_dacPlayStart
                0x02031a74                hal_dacPlayStop
                0x02031aa0                hal_dacSetVolume
                0x02031b04                hal_dacSetBuffer
                0x02031b28                hal_dacCallBackRegister
                0x02031b4c                hal_dacHPSet
 .text          0x02031b74        0x0 ./Debug/src_hal_eeprom.c.o
 .text          0x02031b74      0x24c ./Debug/src_hal_gpio.c.o
                0x02031b74                hal_gpioInit
                0x02031c1c                hal_gpioInit_io1d1
                0x02031cc4                hal_gpioEPullSet
                0x02031d20                hal_gpioWrite
                0x02031d48                hal_gpioRead
                0x02031d6c                hal_gpioIntInit
                0x02031d94                hal_gpioLedInit
 .text          0x02031dc0      0x64c ./Debug/src_hal_iic.c.o
                0x02031dc0                hal_iic0Init
                0x02031dec                hal_iic0Uninit
                0x02031e0c                hal_iic08bitAddrWriteData
                0x02031ea8                hal_iic08bitAddrReadData
                0x02031f60                hal_iic08bitAddrWrite
                0x02032020                hal_iic08bitAddrRead
                0x020320f4                hal_iic016bitAddrWriteData
                0x0203219c                hal_iic016bitAddrReadData
                0x02032260                hal_iic016bitAddrWrite
                0x0203232c                hal_iic016bitAddrRead
 .text          0x0203240c     0x1d4c ./Debug/src_hal_lcd.c.o
                0x0203271c                hal_lcdSetBufYUV
                0x020327b0                hal_lcd_vde_cfg
                0x020327e8                hal_lcd_gamma_cfg
                0x0203299c                usb_lcd_cfg
                0x02032c50                lcd_isp_config
                0x02032e14                hal_lcdLCMPowerOff
                0x02032e8c                hal_lcdPreviewStop
                0x02032ed8                hal_lcdSetShowingSize
                0x02032ef0                hal_lcdSetRoate
                0x02032f08                hal_lcdDealBuffer
                0x02032fbc                hal_lcdGetShowingBuffer
                0x02033020                hal_lcdGetIdleBuffer
                0x02033060                hal_lcdPreviewStart
                0x020331a4                hal_lcdSetFrame
                0x020331cc                vch_debug
                0x020331e0                hal_lcdSetVCH
                0x020332b8                hal_lcdUpdataVCH
                0x020333b4                hal_lcdSwitchFrame2
                0x02033634                hal_lcdPreSetPIPEnable
                0x02033654                hal_lcdSetPIPEnable
                0x0203368c                hal_lcdGetResolution
                0x02033710                hal_lcdGetOSDShowingResolution
                0x0203376c                hal_lcdGetOSDShowingPosition
                0x020337c8                hal_lcdGetShowingRotate
                0x020337f8                hal_lcdGetBufferResolution
                0x02033854                hal_lcdGetVideoPos
                0x020338b0                deocode_done
                0x02033910                hal_lcd_get_next_frame
                0x020339c0                lcd_struct_get
                0x020339e0                hal_lcdFrameEndCallBack
                0x02033a2c                hal_lcdRegister
                0x020340d4                hal_lcd_lsawtooth
                0x020340f4                hal_lcdSetCsiCrop
 .text          0x02034158      0x8a0 ./Debug/src_hal_osd.c.o
                0x02034158                hal_osdSetflag
                0x02034178                hal_osdGetIdleRotateBuffer
                0x0203419c                hal_osdGetIdleCmpBuffer
                0x020341c0                hal_osdGetIdleDispBuffer
                0x020341e4                hal_osdBufferRelease
                0x0203420c                hal_osdDealBuffer
                0x0203428c                hal_osdInit
                0x02034588                hal_osdGetCurBuff
                0x020345e4                hal_osdGetFreeBuff
                0x02034648                hal_osdSetBuff
                0x020346d8                hal_osdEnable
                0x02034778                hal_osdSetAddr
                0x020347b4                hal_osdSetBuffer
                0x02034844                hal_osdSetPosition
                0x0203488c                hal_osdSetPalette
                0x020348c4                hal_osdSetSize
                0x02034904                hal_osdSetAlpha
                0x02034944                hal_osdGetBufferResolution
                0x020349a8                hal_deSet_DE_CCM
                0x020349d0                hal_deSet_DE_SAJ
 .text          0x020349f8      0xc70 ./Debug/src_hal_rtc.c.o
                0x02034a24                hal_rtcCallBackRegister
                0x02034a84                hal_rtcCallBackRelease
                0x02034ac0                hal_rtcUninit
                0x02034afc                hal_rtcTimeGet
                0x02034b18                hal_rtcTimeGetExt
                0x02034b4c                hal_rtcSecondGet
                0x02034b6c                hal_rtcTime2String
                0x02034e20                hal_rtcTime2StringExt
                0x02034e84                hal_rtcLeapYear
                0x020350a0                hal_rtcTime
                0x020351b4                hal_rtcInit
                0x020352dc                hal_rtcSecondSet
                0x02035318                hal_rtcValue
                0x02035428                hal_rtcTimeSet
                0x020354b0                hal_rtcAlarmSet
                0x02035540                hal_rtcAlarmSetExt
                0x020355e4                hal_rtcAlarmStatusGet
                0x02035620                hal_vddWKOEnable
                0x02035644                hal_vddGSENEnable
 .text          0x02035668      0xc24 ./Debug/src_hal_sd.c.o
                0x02035668                hal_ClkSet1
                0x0203570c                hal_sdStop
                0x020359d8                hal_sdNextLBA
                0x020359f8                hal_sdInit
                0x02035e58                hal_sdUninit
                0x02035e84                hal_sdLock
                0x02035ec4                hal_sdUnlock
                0x02035ef0                hal_sdCheck
                0x02036094                hal_sdSetCardState
                0x020360b4                hal_sdGetCardState
                0x020360d4                hal_sdGetBusWidth
                0x020360f4                hal_sdCapacity
                0x02036114                hal_sdExist
                0x0203613c                hal_sdWrite
                0x020361dc                hal_speed_callback
                0x0203620c                hal_sdRead
 .text          0x0203628c      0xcdc ./Debug/src_hal_spi.c.o
                0x0203628c                hal_spiIOShare
                0x020362a4                hal_spiIOCheck
                0x020362b8                hal_spiInit
                0x020362ec                hal_spiSendByte
                0x02036310                hal_spiSend
                0x02036330                hal_spiRecvByte
                0x02036350                hal_spiRecv
                0x020363d8                hal_spiCSConfig
                0x020363fc                hal_spiFlashReadID
                0x0203645c                hal_spiFlashWriteEnable
                0x02036490                hal_spiFlashWait
                0x02036514                hal_spiFlashReadPage
                0x0203658c                hal_spiFlashRead
                0x02036654                hal_spiFlashWritePage
                0x020366e8                hal_spiFlashWrite
                0x02036784                hal_spiFlashEraseSector
                0x020367f0                hal_spiFlashEraseBlock
                0x02036854                hal_spiFlashEraseChip
                0x02036890                spi_udisk_jpg_num
                0x020368b0                spi_udisk_write_jpg
                0x02036b4c                spi_udisk_del_jpg
                0x02036c10                spi_udisk_read_jpg_size
                0x02036c28                spi_udisk_read_jpg
                0x02036cdc                spi_udisk_get_list_idx
                0x02036d44                spi_udisk_format
                0x02036e10                spi_udisk_init
                0x02036f3c                spi_udisk_jpg_free_num
 .text          0x02036f68       0xd8 ./Debug/src_hal_timer.c.o
                0x02036f68                hal_timerStart
                0x02036f8c                hal_timerStop
                0x02036fb0                hal_timerEnable
                0x02036fe8                hal_timerTickEnable
                0x02037020                hal_timerTickGet
 .text          0x02037040      0x940 ./Debug/src_hal_uart.c.o
                0x02037078                hal_uart1IRQHandler
                0x02037140                hal_uartIOShare
                0x02037180                hal_uartIOShareCheck
                0x020371c8                Bt_Control_Led_OnOff
                0x0203723c                hal_uart1SendData
                0x02037260                hal_uartSendData
                0x02037284                hal_uartRXIsrRegister
                0x020372a4                hal_uart1RXIsrRegister
                0x020372c4                uart_PutChar_n
                0x020372f8                uart_PutStr
                0x02037338                uart_Put_hex
                0x02037464                uart_Put_udec
                0x020374f8                uart_Put_dec
                0x020375a0                uart_Printf
                0x020376e4                hal_uartInit
                0x02037740                uart_PrintfBuf
                0x020377d8                hal_uartPrintString
                0x0203781c                uart1Test
                0x02037948                hal_uart1Init
 .text          0x02037980      0x6ac ./Debug/src_hal_watermark.c.o
                0x020379e8                hal_watermarkInit
                0x02037a98                hal_watermarkClose
                0x02037b30                hal_watermarkClear
                0x02037bb0                hal_watermarkOpen
                0x02037c50                hal_watermarkColor
                0x02037ca4                hal_watermarkAddr
                0x02037cbc                hal_watermarkSize
                0x02037d08                hal_watermarkPosition
                0x02037d74                hal_watermarkCallbackRegister
                0x02037dbc                hal_watermarkRam
                0x02037e5c                hal_watermarkEnable
                0x0203800c                hal_watermarkBPos_Adjust
 .text          0x0203802c      0x568 ./Debug/src_hal_sys.c.o
                0x02038074                hal_sysInit
                0x02038190                hal_sysMemPrint
                0x02038304                hal_sysMemMallocExt
                0x02038434                hal_sysMemFree
                0x02038528                hal_sysMemRemain
 .text          0x02038594      0xb64 ./Debug/src_hal_auadc.c.o
                0x02038594                _hal_auadcCallBackEnd
                0x02038690                _hal_auadcCallBackHalf
                0x020386e8                hal_audc_33ms_syncnt_clr
                0x02038714                hal_audc_stamp_cal
                0x02038740                hal_audc_stamp_out
                0x02038794                hal_audc_stamp_next
                0x020387f0                hal_auadcCallBackEnd
                0x0203886c                hal_auadcInit
                0x020388b4                hal_auadcMemInit
                0x02038968                hal_auadcMemUninit
                0x020389dc                hal_auadc_cnt
                0x02038a0c                _hal_auadcStartForUAC
                0x02038aec                hal_auadcStartForWAV
                0x02038be4                hal_auadcStartForAVI
                0x02038d08                hal_auadcBufferGet
                0x02038de8                hal_auadcBufferfree
                0x02038e14                hal_auadcStop
                0x02038e3c                hal_auadcBufferRelease
                0x02038e64                hal_auadcUACProcess
                0x02038f44                hal_adcBuffer_prefull
                0x02038fa8                hal_adcBuffer_halffull
                0x02038fc0                hal_adc_volume_set
                0x02038fe0                hal_uac_send
                0x02039044                hal_auadcStartForUAC
 .text          0x020390f8     0x3178 ./Debug/src_hal_mjpeg.c.o
                0x020390f8                hal_mjpegStart
                0x02039128                hal_save_frame_isr
                0x020391ac                hal_mjpeg_manual_on
                0x02039330                hal_mjpegQualityCheck
                0x020393dc                hal_mjpegCallback_state
                0x02039418                hal_mjpegCallback
                0x02039680                hal_mjpeg_manual_fdown
                0x020398dc                hal_jA_fcnt_get
                0x0203990c                hal_mjpeg_mallocbuf
                0x0203992c                hal_mjpegEncodeResolutionImageQuad
                0x020399b4                hal_mjpegSrcCSI
                0x02039af8                hal_mjpegSrcRam
                0x02039b0c                hal_mjpegSrcColorBar
                0x02039b94                hal_Cut_SDR_SrcCSI
                0x02039c68                hal_mjpegMemInit
                0x02039de4                hal_mjpegMjpegReuseUninit
                0x02039e10                hal_mjpegEncode1Uninit
                0x02039e44                hal_mjpegMemUninit
                0x02039ee4                hal_mjpegMemUninit1
                0x02039f70                hal_mjpegEncodeInit
                0x02039fdc                hal_mjpegEncodeUninit
                0x0203a02c                hal_mjpegEncodeUninit1
                0x0203a07c                hal_mjpegPhotoUninit
                0x0203a108                hal_mjpegEncodeResolution
                0x0203a144                hal_mjpegEncodeResolutionImage
                0x0203a1c0                hal_mjpegSizecalculate
                0x0203a1e8                hal_mjpeg_linebuf_switch
                0x0203a2bc                hal_mjpeg_manual_quad_fdown
                0x0203a3b0                hal_mjpeg_manual_quad_on
                0x0203a434                hal_mjpeg_manual_get_csi_yuv_sta
                0x0203a454                hal_mjpeg_manual_on_frame
                0x0203a4bc                hal_mjpegUVCStart
                0x0203a828                hal_mjpegGetJpegAddr
                0x0203a848                hal_mjpegPhotoStart
                0x0203aca0                hal_mjpegAVIStart
                0x0203b060                hal_mjpeg_avi_crop
                0x0203b1ac                hal_mjpegRawDataGet
                0x0203b1c4                hal_mjpegRawBuffer_prefull
                0x0203b234                hal_mjpegRawBuffer_halffull
                0x0203b2a4                hal_mjpegRawBufferfree
                0x0203b2cc                hal_mjpegRawBufferGet
                0x0203b400                hal_mjpegRawDataSet
                0x0203b428                hal_mjpegHeaderParse
                0x0203bb34                hal_mjpegDecodeGetResolution
                0x0203bb7c                hal_mjpegDecodeSetResolution
                0x0203bba0                hal_mjpeglDecodeGetResolution
                0x0203bbd8                hal_mjpeglDecodeSetResolution
                0x0203bc04                hal_mjpegDecodeStatusCheck
                0x0203bc24                hal_mjpegDecodeErrorCheck
                0x0203bc44                hal_mjpegDecodeMiniSize
                0x0203bdc8                hal_mjpegDecodeStop
                0x0203bde8                hal_mjpegDecodeReset
                0x0203be14                hal_mjpegDecodePicture
                0x0203be84                hal_mjpegDecodeNoIsr
                0x0203bef0                hal_mjpg_scale_down
                0x0203c00c                hal_mjpegDecodeParse
                0x0203c03c                hal_mjpegDecodeOneFrame
                0x0203c094                hal_mjpegDecodeOneFrame_Ext
                0x0203c11c                hal_mjpegDecodeRestart_Ext
                0x0203c188                hal_mjpegDecodeOneFrame_Fast
                0x0203c24c                hal_mjpegDecodeODma1Cfg
 .text          0x0203c270       0x34 ./Debug/src_hal_int.c.o
                0x0203c270                hal_intInit
 .text          0x0203c2a4        0x0 ./Debug/src_hal_wdt.c.o
 .text          0x0203c2a4      0x4bc ./Debug/src_hal_stream.c.o
                0x0203c2a4                hal_streamInit
                0x0203c39c                hal_streamMalloc
                0x0203c484                hal_streamIn_Drop
                0x0203c4e8                hal_streamIn
                0x0203c584                hal_streamOut
                0x0203c610                hal_streamOut_next
                0x0203c6a0                hal_streamfree
                0x0203c748                hal_stream_size
 .text          0x0203c760        0x0 ./Debug/src_hal_emi.c.o
 .text          0x0203c760      0x1a8 ./Debug/src_hal_osdcmp.c.o
                0x0203c7d8                hal_osdcmpStart
                0x0203c8bc                hal_osdcmpInit
                0x0203c8e4                hal_osdcmpCompOneFrame
 .text          0x0203c908      0x318 ./Debug/src_hal_rotate.c.o
                0x0203ca9c                hal_rotateInit
                0x0203caf0                hal_rotateAdd
 .text          0x0203cc20      0xa7c ./Debug/src_hal_lcdframe.c.o
                0x0203cc20                hal_lcdAddrCalculate
                0x0203cccc                hal_dispframeInit
                0x0203d2ac                hal_dispframeVideoCfg
                0x0203d530                hal_dispframeMalloc
                0x0203d5c4                hal_dispframeFree
                0x0203d650                hal_dispframeSetCallback
                0x0203d668                hal_dispframeGetFrameNums
 .text          0x0203d69c      0xe20 ./Debug/src_hal_custom_yuv.c.o
                0x0203d8e8                hal_custom_frame_init
                0x0203d91c                hal_custom_frame_create
                0x0203dc48                hal_custom_frame_unit
                0x0203dccc                hal_custom_frame_add_enable
                0x0203dd14                hal_custom_frame_add_lcd
                0x0203dda0                hal_custom_frame_add_mjpeg
                0x0203de18                hal_custom_frame_add_Lmjpeg
                0x0203deb8                hal_custom_frame_add_mjpeg2
                0x0203e16c                hal_custom_frame_reset_sensor_szie
                0x0203e1c8                decodePic
 .text          0x0203e4bc      0x594 ./Debug/dusb_hal_usb_api.c.o
                0x0203e4bc                usb_bulk_tx
                0x0203e4e8                usb_bulk_rx
                0x0203e514                hal_usbdReset
                0x0203e544                usb_uvciso_kick
                0x0203e574                usb_uvciso_wait_txdown
                0x0203e598                usb_uaciso_kick
                0x0203e5c8                usb_uaciso_wait_txdown
                0x0203e5ec                uac_on
                0x0203e614                uac_off
                0x0203e634                usb_fun_reg
                0x0203e788                hal_usbdInit
                0x0203e7c8                hal_usbdUninit
                0x0203e808                hal_usbdEnable
                0x0203e830                hal_usbdUVCProcess
                0x0203e9fc                hal_usbdProcess
                0x0203ea30                hal_usbdCheck
 .text          0x0203ea50      0xf94 ./Debug/dusb_hal_usb_dev_enum.c.o
                0x0203ea50                usb_ep0_tx
                0x0203ead0                usbdev_stack_init
                0x0203eb00                usbdev_rqu
                0x0203eb28                usbdev_reset
                0x0203eb54                usb_bot_reset
                0x0203eba0                usb_check_faddr
                0x0203ebec                usb_ep0_clrrx_pkt0
                0x0203ec28                usb_stall_ep
                0x0203ecb4                usb_clear_ep
                0x0203ed30                usb_ep0_get_request
                0x0203ed78                usb_ep0_transfer
                0x0203ee2c                usb_ep0_receive
                0x0203ee84                usb_ep0_get_status
                0x0203ef94                usb_ep0_clr_feature
                0x0203f00c                usb_ep0_set_feature
                0x0203f07c                usb_ep0_set_address
                0x0203f110                usb_ep0_get_configuration
                0x0203f164                usb_ep0_set_configuration
                0x0203f1e0                usb_ep0_get_interface
                0x0203f228                uvc_ready
                0x0203f250                uac_ready